Archive member included to satisfy reference by file (symbol)

/Applications/STM32CubeIDE.app/Contents/Eclipse/plugins/com.st.stm32cube.ide.mcu.externaltools.gnu-tools-for-stm32.13.3.rel1.macos64_1.0.0.202411102158/tools/bin/../lib/gcc/arm-none-eabi/13.3.1/../../../../arm-none-eabi/lib/thumb/v7e-m+fp/hard/libc_nano.a(libc_a-exit.o)
                              /Applications/STM32CubeIDE.app/Contents/Eclipse/plugins/com.st.stm32cube.ide.mcu.externaltools.gnu-tools-for-stm32.13.3.rel1.macos64_1.0.0.202411102158/tools/bin/../lib/gcc/arm-none-eabi/13.3.1/../../../../arm-none-eabi/lib/thumb/v7e-m+fp/hard/crt0.o (exit)
/Applications/STM32CubeIDE.app/Contents/Eclipse/plugins/com.st.stm32cube.ide.mcu.externaltools.gnu-tools-for-stm32.13.3.rel1.macos64_1.0.0.202411102158/tools/bin/../lib/gcc/arm-none-eabi/13.3.1/../../../../arm-none-eabi/lib/thumb/v7e-m+fp/hard/libc_nano.a(libc_a-snprintf.o)
                              ./Core/Src/oled.o (snprintf)
/Applications/STM32CubeIDE.app/Contents/Eclipse/plugins/com.st.stm32cube.ide.mcu.externaltools.gnu-tools-for-stm32.13.3.rel1.macos64_1.0.0.202411102158/tools/bin/../lib/gcc/arm-none-eabi/13.3.1/../../../../arm-none-eabi/lib/thumb/v7e-m+fp/hard/libc_nano.a(libc_a-findfp.o)
                              /Applications/STM32CubeIDE.app/Contents/Eclipse/plugins/com.st.stm32cube.ide.mcu.externaltools.gnu-tools-for-stm32.13.3.rel1.macos64_1.0.0.202411102158/tools/bin/../lib/gcc/arm-none-eabi/13.3.1/../../../../arm-none-eabi/lib/thumb/v7e-m+fp/hard/libc_nano.a(libc_a-exit.o) (__stdio_exit_handler)
/Applications/STM32CubeIDE.app/Contents/Eclipse/plugins/com.st.stm32cube.ide.mcu.externaltools.gnu-tools-for-stm32.13.3.rel1.macos64_1.0.0.202411102158/tools/bin/../lib/gcc/arm-none-eabi/13.3.1/../../../../arm-none-eabi/lib/thumb/v7e-m+fp/hard/libc_nano.a(libc_a-fwalk.o)
                              /Applications/STM32CubeIDE.app/Contents/Eclipse/plugins/com.st.stm32cube.ide.mcu.externaltools.gnu-tools-for-stm32.13.3.rel1.macos64_1.0.0.202411102158/tools/bin/../lib/gcc/arm-none-eabi/13.3.1/../../../../arm-none-eabi/lib/thumb/v7e-m+fp/hard/libc_nano.a(libc_a-findfp.o) (_fwalk_sglue)
/Applications/STM32CubeIDE.app/Contents/Eclipse/plugins/com.st.stm32cube.ide.mcu.externaltools.gnu-tools-for-stm32.13.3.rel1.macos64_1.0.0.202411102158/tools/bin/../lib/gcc/arm-none-eabi/13.3.1/../../../../arm-none-eabi/lib/thumb/v7e-m+fp/hard/libc_nano.a(libc_a-memmove.o)
                              ./Core/Src/ssd1306_tests.o (memmove)
/Applications/STM32CubeIDE.app/Contents/Eclipse/plugins/com.st.stm32cube.ide.mcu.externaltools.gnu-tools-for-stm32.13.3.rel1.macos64_1.0.0.202411102158/tools/bin/../lib/gcc/arm-none-eabi/13.3.1/../../../../arm-none-eabi/lib/thumb/v7e-m+fp/hard/libc_nano.a(libc_a-memset.o)
                              /Applications/STM32CubeIDE.app/Contents/Eclipse/plugins/com.st.stm32cube.ide.mcu.externaltools.gnu-tools-for-stm32.13.3.rel1.macos64_1.0.0.202411102158/tools/bin/../lib/gcc/arm-none-eabi/13.3.1/../../../../arm-none-eabi/lib/thumb/v7e-m+fp/hard/crt0.o (memset)
/Applications/STM32CubeIDE.app/Contents/Eclipse/plugins/com.st.stm32cube.ide.mcu.externaltools.gnu-tools-for-stm32.13.3.rel1.macos64_1.0.0.202411102158/tools/bin/../lib/gcc/arm-none-eabi/13.3.1/../../../../arm-none-eabi/lib/thumb/v7e-m+fp/hard/libc_nano.a(libc_a-errno.o)
                              ./Core/Src/syscalls.o (__errno)
/Applications/STM32CubeIDE.app/Contents/Eclipse/plugins/com.st.stm32cube.ide.mcu.externaltools.gnu-tools-for-stm32.13.3.rel1.macos64_1.0.0.202411102158/tools/bin/../lib/gcc/arm-none-eabi/13.3.1/../../../../arm-none-eabi/lib/thumb/v7e-m+fp/hard/libc_nano.a(libc_a-init.o)
                              /Applications/STM32CubeIDE.app/Contents/Eclipse/plugins/com.st.stm32cube.ide.mcu.externaltools.gnu-tools-for-stm32.13.3.rel1.macos64_1.0.0.202411102158/tools/bin/../lib/gcc/arm-none-eabi/13.3.1/../../../../arm-none-eabi/lib/thumb/v7e-m+fp/hard/crt0.o (__libc_init_array)
/Applications/STM32CubeIDE.app/Contents/Eclipse/plugins/com.st.stm32cube.ide.mcu.externaltools.gnu-tools-for-stm32.13.3.rel1.macos64_1.0.0.202411102158/tools/bin/../lib/gcc/arm-none-eabi/13.3.1/../../../../arm-none-eabi/lib/thumb/v7e-m+fp/hard/libc_nano.a(libc_a-lock.o)
                              /Applications/STM32CubeIDE.app/Contents/Eclipse/plugins/com.st.stm32cube.ide.mcu.externaltools.gnu-tools-for-stm32.13.3.rel1.macos64_1.0.0.202411102158/tools/bin/../lib/gcc/arm-none-eabi/13.3.1/../../../../arm-none-eabi/lib/thumb/v7e-m+fp/hard/libc_nano.a(libc_a-findfp.o) (__retarget_lock_init_recursive)
/Applications/STM32CubeIDE.app/Contents/Eclipse/plugins/com.st.stm32cube.ide.mcu.externaltools.gnu-tools-for-stm32.13.3.rel1.macos64_1.0.0.202411102158/tools/bin/../lib/gcc/arm-none-eabi/13.3.1/../../../../arm-none-eabi/lib/thumb/v7e-m+fp/hard/libc_nano.a(libc_a-impure.o)
[...]
Memory Configuration

Name             Origin             Length             Attributes
RAM              0x20000000         0x00018000         xrw
RAM2             0x10000000         0x00008000         xrw
FLASH            0x08000000         0x00100000         xr
*default*        0x00000000         0xffffffff

Linker script and memory map

LOAD /Applications/STM32CubeIDE.app/Contents/Eclipse/plugins/com.st.stm32cube.ide.mcu.externaltools.gnu-tools-for-stm32.13.3.rel1.macos64_1.0.0.202411102158/tools/bin/../lib/gcc/arm-none-eabi/13.3.1/thumb/v7e-m+fp/hard/crti.o
LOAD /Applications/STM32CubeIDE.app/Contents/Eclipse/plugins/com.st.stm32cube.ide.mcu.externaltools.gnu-tools-for-stm32.13.3.rel1.macos64_1.0.0.202411102158/tools/bin/../lib/gcc/arm-none-eabi/13.3.1/thumb/v7e-m+fp/hard/crtbegin.o
LOAD /Applications/STM32CubeIDE.app/Contents/Eclipse/plugins/com.st.stm32cube.ide.mcu.externaltools.gnu-tools-for-stm32.13.3.rel1.macos64_1.0.0.202411102158/tools/bin/../lib/gcc/arm-none-eabi/13.3.1/../../../../arm-none-eabi/lib/thumb/v7e-m+fp/hard/crt0.o
LOAD ./Core/Src/gpio.o
LOAD ./Core/Src/i2c.o
LOAD ./Core/Src/main.o
LOAD ./Core/Src/oled.o
LOAD ./Core/Src/ssd1306_tests.o
LOAD ./Core/Src/stm32l4xx_hal_msp.o
LOAD ./Core/Src/stm32l4xx_it.o
LOAD ./Core/Src/syscalls.o
LOAD ./Core/Src/sysmem.o
LOAD ./Core/Src/system_stm32l4xx.o
LOAD ./Core/Src/usart.o
LOAD ./Core/Startup/startup_stm32l476rgtx.o
LOAD ./Drivers/OLED/ssd1306.o
LOAD ./Drivers/OLED/ssd1306_fonts.o
LOAD ./Drivers/STM32L4xx_HAL_Driver/Src/stm32l4xx_hal.o
LOAD ./Drivers/STM32L4xx_HAL_Driver/Src/stm32l4xx_hal_cortex.o
LOAD ./Drivers/STM32L4xx_HAL_Driver/Src/stm32l4xx_hal_dma.o
LOAD ./Drivers/STM32L4xx_HAL_Driver/Src/stm32l4xx_hal_dma_ex.o
LOAD ./Drivers/STM32L4xx_HAL_Driver/Src/stm32l4xx_hal_exti.o
LOAD ./Drivers/STM32L4xx_HAL_Driver/Src/stm32l4xx_hal_flash.o
LOAD ./Drivers/STM32L4xx_HAL_Driver/Src/stm32l4xx_hal_flash_ex.o
LOAD ./Drivers/STM32L4xx_HAL_Driver/Src/stm32l4xx_hal_flash_ramfunc.o
LOAD ./Drivers/STM32L4xx_HAL_Driver/Src/stm32l4xx_hal_gpio.o
LOAD ./Drivers/STM32L4xx_HAL_Driver/Src/stm32l4xx_hal_i2c.o
LOAD ./Drivers/STM32L4xx_HAL_Driver/Src/stm32l4xx_hal_i2c_ex.o
LOAD ./Drivers/STM32L4xx_HAL_Driver/Src/stm32l4xx_hal_pwr.o
LOAD ./Drivers/STM32L4xx_HAL_Driver/Src/stm32l4xx_hal_pwr_ex.o
LOAD ./Drivers/STM32L4xx_HAL_Driver/Src/stm32l4xx_hal_rcc.o
LOAD ./Drivers/STM32L4xx_HAL_Driver/Src/stm32l4xx_hal_rcc_ex.o
LOAD ./Drivers/STM32L4xx_HAL_Driver/Src/stm32l4xx_hal_uart.o
LOAD ./Drivers/STM32L4xx_HAL_Driver/Src/stm32l4xx_hal_uart_ex.o
START GROUP
LOAD /Applications/STM32CubeIDE.app/Contents/Eclipse/plugins/com.st.stm32cube.ide.mcu.externaltools.gnu-tools-for-stm32.13.3.rel1.macos64_1.0.0.202411102158/tools/bin/../lib/gcc/arm-none-eabi/13.3.1/../../../../arm-none-eabi/lib/thumb/v7e-m+fp/hard/libc_nano.a
LOAD /Applications/STM32CubeIDE.app/Contents/Eclipse/plugins/com.st.stm32cube.ide.mcu.externaltools.gnu-tools-for-stm32.13.3.rel1.macos64_1.0.0.202411102158/tools/bin/../lib/gcc/arm-none-eabi/13.3.1/../../../../arm-none-eabi/lib/thumb/v7e-m+fp/hard/libm.a
END GROUP
START GROUP
LOAD /Applications/STM32CubeIDE.app/Contents/Eclipse/plugins/com.st.stm32cube.ide.mcu.externaltools.gnu-tools-for-stm32.13.3.rel1.macos64_1.0.0.202411102158/tools/bin/../lib/gcc/arm-none-eabi/13.3.1/thumb/v7e-m+fp/hard/libgcc.a
LOAD /Applications/STM32CubeIDE.app/Contents/Eclipse/plugins/com.st.stm32cube.ide.mcu.externaltools.gnu-tools-for-stm32.13.3.rel1.macos64_1.0.0.202411102158/tools/bin/../lib/gcc/arm-none-eabi/13.3.1/../../../../arm-none-eabi/lib/thumb/v7e-m+fp/hard/libc_nano.a
END GROUP
START GROUP
LOAD /Applications/STM32CubeIDE.app/Contents/Eclipse/plugins/com.st.stm32cube.ide.mcu.externaltools.gnu-tools-for-stm32.13.3.rel1.macos64_1.0.0.202411102158/tools/bin/../lib/gcc/arm-none-eabi/13.3.1/thumb/v7e-m+fp/hard/libgcc.a
LOAD /Applications/STM32CubeIDE.app/Contents/Eclipse/plugins/com.st.stm32cube.ide.mcu.externaltools.gnu-tools-for-stm32.13.3.rel1.macos64_1.0.0.202411102158/tools/bin/../lib/gcc/arm-none-eabi/13.3.1/../../../../arm-none-eabi/lib/thumb/v7e-m+fp/hard/libc_nano.a
LOAD /Applications/STM32CubeIDE.app/Contents/Eclipse/plugins/com.st.stm32cube.ide.mcu.externaltools.gnu-tools-for-stm32.13.3.rel1.macos64_1.0.0.202411102158/tools/bin/../lib/gcc/arm-none-eabi/13.3.1/../../../../arm-none-eabi/lib/thumb/v7e-m+fp/hard/libnosys.a
END GROUP
START GROUP
LOAD /Applications/STM32CubeIDE.app/Contents/Eclipse/plugins/com.st.stm32cube.ide.mcu.externaltools.gnu-tools-for-stm32.13.3.rel1.macos64_1.0.0.202411102158/tools/bin/../lib/gcc/arm-none-eabi/13.3.1/thumb/v7e-m+fp/hard/libgcc.a
LOAD /Applications/STM32CubeIDE.app/Contents/Eclipse/plugins/com.st.stm32cube.ide.mcu.externaltools.gnu-tools-for-stm32.13.3.rel1.macos64_1.0.0.202411102158/tools/bin/../lib/gcc/arm-none-eabi/13.3.1/../../../../arm-none-eabi/lib/thumb/v7e-m+fp/hard/libc_nano.a
LOAD /Applications/STM32CubeIDE.app/Contents/Eclipse/plugins/com.st.stm32cube.ide.mcu.externaltools.gnu-tools-for-stm32.13.3.rel1.macos64_1.0.0.202411102158/tools/bin/../lib/gcc/arm-none-eabi/13.3.1/../../../../arm-none-eabi/lib/thumb/v7e-m+fp/hard/libnosys.a
END GROUP
LOAD /Applications/STM32CubeIDE.app/Contents/Eclipse/plugins/com.st.stm32cube.ide.mcu.externaltools.gnu-tools-for-stm32.13.3.rel1.macos64_1.0.0.202411102158/tools/bin/../lib/gcc/arm-none-eabi/13.3.1/thumb/v7e-m+fp/hard/crtend.o
LOAD /Applications/STM32CubeIDE.app/Contents/Eclipse/plugins/com.st.stm32cube.ide.mcu.externaltools.gnu-tools-for-stm32.13.3.rel1.macos64_1.0.0.202411102158/tools/bin/../lib/gcc/arm-none-eabi/13.3.1/thumb/v7e-m+fp/hard/crtn.o
                0x20018000                        _estack = (ORIGIN (RAM) + LENGTH (RAM))
                0x00000200                        _Min_Heap_Size = 0x200
                0x00000400                        _Min_Stack_Size = 0x400

.isr_vector     0x08000000      0x188
                0x08000000                        . = ALIGN (0x4)
 *(.isr_vector)
 .isr_vector    0x08000000      0x188 ./Core/Startup/startup_stm32l476rgtx.o
                0x08000000                g_pfnVectors
                0x08000188                        . = ALIGN (0x4)

.text           0x08000190     0x53fc
                0x08000190                        . = ALIGN (0x4)
 *(.text)
 .text          0x08000190       0x40 /Applications/STM32CubeIDE.app/Contents/Eclipse/plugins/com.st.stm32cube.ide.mcu.externaltools.gnu-tools-for-stm32.13.3.rel1.macos64_1.0.0.202411102158/tools/bin/../lib/gcc/arm-none-eabi/13.3.1/thumb/v7e-m+fp/hard/crtbegin.o
 .text          0x080001d0       0xa0 /Applications/STM32CubeIDE.app/Contents/Eclipse/plugins/com.st.stm32cube.ide.mcu.externaltools.gnu-tools-for-stm32.13.3.rel1.macos64_1.0.0.202411102158/tools/bin/../lib/gcc/arm-none-eabi/13.3.1/../../../../arm-none-eabi/lib/thumb/v7e-m+fp/hard/libc_nano.a(libc_a-memchr.o)
                0x080001d0                memchr
 .text          0x08000270       0x30 /Applications/STM32CubeIDE.app/Contents/Eclipse/plugins/com.st.stm32cube.ide.mcu.externaltools.gnu-tools-for-stm32.13.3.rel1.macos64_1.0.0.202411102158/tools/bin/../lib/gcc/arm-none-eabi/13.3.1/thumb/v7e-m+fp/hard/libgcc.a(_aeabi_uldivmod.o)
                0x08000270                __aeabi_uldivmod
 .text          0x080002a0      0x2f8 /Applications/STM32CubeIDE.app/Contents/Eclipse/plugins/com.st.stm32cube.ide.mcu.externaltools.gnu-tools-for-stm32.13.3.rel1.macos64_1.0.0.202411102158/tools/bin/../lib/gcc/arm-none-eabi/13.3.1/thumb/v7e-m+fp/hard/libgcc.a(_udivmoddi4.o)
                0x080002a0                __udivmoddi4
 .text          0x08000598        0x4 /Applications/STM32CubeIDE.app/Contents/Eclipse/plugins/com.st.stm32cube.ide.mcu.externaltools.gnu-tools-for-stm32.13.3.rel1.macos64_1.0.0.202411102158/tools/bin/../lib/gcc/arm-none-eabi/13.3.1/thumb/v7e-m+fp/hard/libgcc.a(_dvmd_tls.o)
                0x08000598                __aeabi_ldiv0
                0x08000598                __aeabi_idiv0
 *(.text*)
 .text.MX_GPIO_Init
                0x0800059c      0x104 ./Core/Src/gpio.o
                0x0800059c                MX_GPIO_Init
 .text.MX_I2C1_Init
                0x080006a0       0x80 ./Core/Src/i2c.o
                0x080006a0                MX_I2C1_Init
 .text.HAL_I2C_MspInit
                0x08000720       0xbc ./Core/Src/i2c.o
                0x08000720                HAL_I2C_MspInit
 .text.main     0x080007dc       0x64 ./Core/Src/main.o
                0x080007dc                main
 .text.SystemClock_Config
                0x08000840       0xa2 ./Core/Src/main.o
                0x08000840                SystemClock_Config
 .text.Error_Handler
                0x080008e2        0xc ./Core/Src/main.o
                0x080008e2                Error_Handler
 *fill*         0x080008ee        0x2 
 .text.brightnessToPercent
                0x080008f0       0x5c ./Core/Src/oled.o
 .text.oled_cat
                0x0800094c       0x30 ./Core/Src/oled.o
                0x0800094c                oled_cat
 .text.oled_mouse
                0x0800097c       0x30 ./Core/Src/oled.o
                0x0800097c                oled_mouse
 .text.kirby_bitmap_tick
                0x080009ac       0x78 ./Core/Src/oled.o
                0x080009ac                kirby_bitmap_tick
 .text.scared_cat_bitmap_tick
                0x08000a24       0x78 ./Core/Src/oled.o
                0x08000a24                scared_cat_bitmap_tick
 .text.Init_bitmap_tick
                0x08000a9c       0x78 ./Core/Src/oled.o
                0x08000a9c                Init_bitmap_tick
 .text.Init_bitmap
                0x08000b14       0x54 ./Core/Src/oled.o
                0x08000b14                Init_bitmap
 .text.adjustBrightness
                0x08000b68       0x84 ./Core/Src/oled.o
                0x08000b68                adjustBrightness
 .text.HAL_GPIO_EXTI_Callback
                0x08000bec      0x178 ./Core/Src/oled.o
                0x08000bec                HAL_GPIO_EXTI_Callback
 .text.checkMenuTimeout
                0x08000d64      0x1b4 ./Core/Src/oled.o
                0x08000d64                checkMenuTimeout
 .text.drawTextMenu
                0x08000f18       0x8c ./Core/Src/oled.o
                0x08000f18                drawTextMenu
 .text.displayMenu
                0x08000fa4      0x280 ./Core/Src/oled.o
                0x08000fa4                displayMenu
 .text.HAL_MspInit
                0x08001224       0x48 ./Core/Src/stm32l4xx_hal_msp.o
                0x08001224                HAL_MspInit
 .text.NMI_Handler
                0x0800126c        0x8 ./Core/Src/stm32l4xx_it.o
                0x0800126c                NMI_Handler
 .text.HardFault_Handler
                0x08001274        0x8 ./Core/Src/stm32l4xx_it.o
                0x08001274                HardFault_Handler
 .text.MemManage_Handler
                0x0800127c        0x8 ./Core/Src/stm32l4xx_it.o
                0x0800127c                MemManage_Handler
 .text.BusFault_Handler
                0x08001284        0x8 ./Core/Src/stm32l4xx_it.o
                0x08001284                BusFault_Handler
 .text.UsageFault_Handler
                0x0800128c        0x8 ./Core/Src/stm32l4xx_it.o
                0x0800128c                UsageFault_Handler
 .text.SVC_Handler
                0x08001294        0xe ./Core/Src/stm32l4xx_it.o
                0x08001294                SVC_Handler
 .text.DebugMon_Handler
                0x080012a2        0xe ./Core/Src/stm32l4xx_it.o
                0x080012a2                DebugMon_Handler
 .text.PendSV_Handler
                0x080012b0        0xe ./Core/Src/stm32l4xx_it.o
                0x080012b0                PendSV_Handler
 .text.SysTick_Handler
                0x080012be        0xc ./Core/Src/stm32l4xx_it.o
                0x080012be                SysTick_Handler
 .text.EXTI15_10_IRQHandler
                0x080012ca       0x10 ./Core/Src/stm32l4xx_it.o
                0x080012ca                EXTI15_10_IRQHandler
 *fill*         0x080012da        0x2 
 .text._sbrk    0x080012dc       0x6c ./Core/Src/sysmem.o
                0x080012dc                _sbrk
 .text.SystemInit
                0x08001348       0x24 ./Core/Src/system_stm32l4xx.o
                0x08001348                SystemInit
 .text.MX_USART2_UART_Init
                0x0800136c       0x60 ./Core/Src/usart.o
                0x0800136c                MX_USART2_UART_Init
 .text.HAL_UART_MspInit
                0x080013cc       0xb8 ./Core/Src/usart.o
                0x080013cc                HAL_UART_MspInit
 .text.Reset_Handler
                0x08001484       0x50 ./Core/Startup/startup_stm32l476rgtx.o
                0x08001484                Reset_Handler
 .text.Default_Handler
                0x080014d4        0x2 ./Core/Startup/startup_stm32l476rgtx.o
                0x080014d4                TIM1_BRK_TIM15_IRQHandler
                0x080014d4                EXTI2_IRQHandler
                0x080014d4                TIM8_TRG_COM_IRQHandler
                0x080014d4                TIM8_CC_IRQHandler
                0x080014d4                TIM1_CC_IRQHandler
                0x080014d4                TSC_IRQHandler
                0x080014d4                TAMP_STAMP_IRQHandler
                0x080014d4                EXTI3_IRQHandler
                0x080014d4                LPTIM2_IRQHandler
                0x080014d4                DFSDM1_FLT1_IRQHandler
                0x080014d4                I2C3_ER_IRQHandler
                0x080014d4                DFSDM1_FLT2_IRQHandler
                0x080014d4                EXTI0_IRQHandler
                0x080014d4                I2C2_EV_IRQHandler
                0x080014d4                CAN1_RX0_IRQHandler
                0x080014d4                FPU_IRQHandler
                0x080014d4                TIM1_UP_TIM16_IRQHandler
                0x080014d4                ADC1_2_IRQHandler
                0x080014d4                SPI1_IRQHandler
                0x080014d4                TIM6_DAC_IRQHandler
                0x080014d4                TIM8_UP_IRQHandler
                0x080014d4                DMA2_Channel2_IRQHandler
                0x080014d4                DMA1_Channel4_IRQHandler
                0x080014d4                SAI2_IRQHandler
                0x080014d4                DFSDM1_FLT3_IRQHandler
                0x080014d4                USART3_IRQHandler
                0x080014d4                DMA1_Channel7_IRQHandler
                0x080014d4                CAN1_RX1_IRQHandler
                0x080014d4                LCD_IRQHandler
                0x080014d4                UART5_IRQHandler
                0x080014d4                ADC3_IRQHandler
                0x080014d4                TIM4_IRQHandler
                0x080014d4                DMA2_Channel1_IRQHandler
                0x080014d4                QUADSPI_IRQHandler
                0x080014d4                I2C1_EV_IRQHandler
                0x080014d4                DMA1_Channel6_IRQHandler
                0x080014d4                UART4_IRQHandler
                0x080014d4                DMA2_Channel4_IRQHandler
                0x080014d4                TIM3_IRQHandler
                0x080014d4                RCC_IRQHandler
                0x080014d4                DMA1_Channel1_IRQHandler
                0x080014d4                Default_Handler
                0x080014d4                DMA2_Channel7_IRQHandler
                0x080014d4                TIM7_IRQHandler
                0x080014d4                SDMMC1_IRQHandler
                0x080014d4                TIM5_IRQHandler
                0x080014d4                I2C3_EV_IRQHandler
                0x080014d4                EXTI9_5_IRQHandler
                0x080014d4                RTC_WKUP_IRQHandler
                0x080014d4                PVD_PVM_IRQHandler
                0x080014d4                SPI2_IRQHandler
                0x080014d4                CAN1_TX_IRQHandler
                0x080014d4                DMA2_Channel5_IRQHandler
                0x080014d4                DMA1_Channel5_IRQHandler
                0x080014d4                EXTI4_IRQHandler
                0x080014d4                RNG_IRQHandler
                0x080014d4                TIM1_TRG_COM_TIM17_IRQHandler
                0x080014d4                DMA1_Channel3_IRQHandler
                0x080014d4                COMP_IRQHandler
                0x080014d4                WWDG_IRQHandler
                0x080014d4                LPUART1_IRQHandler
                0x080014d4                DMA2_Channel6_IRQHandler
                0x080014d4                TIM2_IRQHandler
                0x080014d4                EXTI1_IRQHandler
                0x080014d4                USART2_IRQHandler
                0x080014d4                DFSDM1_FLT0_IRQHandler
                0x080014d4                I2C2_ER_IRQHandler
                0x080014d4                DMA1_Channel2_IRQHandler
                0x080014d4                TIM8_BRK_IRQHandler
                0x080014d4                CAN1_SCE_IRQHandler
                0x080014d4                FLASH_IRQHandler
                0x080014d4                USART1_IRQHandler
                0x080014d4                OTG_FS_IRQHandler
                0x080014d4                SPI3_IRQHandler
                0x080014d4                I2C1_ER_IRQHandler
                0x080014d4                FMC_IRQHandler
                0x080014d4                SWPMI1_IRQHandler
                0x080014d4                LPTIM1_IRQHandler
                0x080014d4                SAI1_IRQHandler
                0x080014d4                DMA2_Channel3_IRQHandler
                0x080014d4                RTC_Alarm_IRQHandler
 .text.ssd1306_Reset
                0x080014d6        0xe ./Drivers/OLED/ssd1306.o
                0x080014d6                ssd1306_Reset
 .text.ssd1306_WriteCommand
                0x080014e4       0x30 ./Drivers/OLED/ssd1306.o
                0x080014e4                ssd1306_WriteCommand
 .text.ssd1306_WriteData
                0x08001514       0x34 ./Drivers/OLED/ssd1306.o
                0x08001514                ssd1306_WriteData
 .text.ssd1306_Init
                0x08001548       0xd4 ./Drivers/OLED/ssd1306.o
                0x08001548                ssd1306_Init
 .text.ssd1306_Fill
                0x0800161c       0x30 ./Drivers/OLED/ssd1306.o
                0x0800161c                ssd1306_Fill
 .text.ssd1306_UpdateScreen
                0x0800164c       0x50 ./Drivers/OLED/ssd1306.o
                0x0800164c                ssd1306_UpdateScreen
 .text.ssd1306_DrawPixel
                0x0800169c       0xa8 ./Drivers/OLED/ssd1306.o
                0x0800169c                ssd1306_DrawPixel
 .text.ssd1306_WriteChar
                0x08001744      0x124 ./Drivers/OLED/ssd1306.o
                0x08001744                ssd1306_WriteChar
 .text.ssd1306_WriteString
                0x08001868       0x4c ./Drivers/OLED/ssd1306.o
                0x08001868                ssd1306_WriteString
 .text.ssd1306_SetCursor
                0x080018b4       0x30 ./Drivers/OLED/ssd1306.o
                0x080018b4                ssd1306_SetCursor
 .text.ssd1306_Line
                0x080018e4       0xd8 ./Drivers/OLED/ssd1306.o
                0x080018e4                ssd1306_Line
 .text.ssd1306_DrawBitmap
                0x080019bc       0xb6 ./Drivers/OLED/ssd1306.o
                0x080019bc                ssd1306_DrawBitmap
 .text.ssd1306_SetContrast
                0x08001a72       0x26 ./Drivers/OLED/ssd1306.o
                0x08001a72                ssd1306_SetContrast
 .text.ssd1306_SetDisplayOn
                0x08001a98       0x3c ./Drivers/OLED/ssd1306.o
                0x08001a98                ssd1306_SetDisplayOn
 .text.HAL_Init
                0x08001ad4       0x40 ./Drivers/STM32L4xx_HAL_Driver/Src/stm32l4xx_hal.o
                0x08001ad4                HAL_Init
 .text.HAL_InitTick
                0x08001b14       0x78 ./Drivers/STM32L4xx_HAL_Driver/Src/stm32l4xx_hal.o
                0x08001b14                HAL_InitTick
 .text.HAL_IncTick
                0x08001b8c       0x28 ./Drivers/STM32L4xx_HAL_Driver/Src/stm32l4xx_hal.o
                0x08001b8c                HAL_IncTick
 .text.HAL_GetTick
                0x08001bb4       0x18 ./Drivers/STM32L4xx_HAL_Driver/Src/stm32l4xx_hal.o
                0x08001bb4                HAL_GetTick
 .text.HAL_Delay
                0x08001bcc       0x48 ./Drivers/STM32L4xx_HAL_Driver/Src/stm32l4xx_hal.o
                0x08001bcc                HAL_Delay
 .text.__NVIC_SetPriorityGrouping
                0x08001c14       0x48 ./Drivers/STM32L4xx_HAL_Driver/Src/stm32l4xx_hal_cortex.o
 .text.__NVIC_GetPriorityGrouping
                0x08001c5c       0x1c ./Drivers/STM32L4xx_HAL_Driver/Src/stm32l4xx_hal_cortex.o
 .text.__NVIC_EnableIRQ
                0x08001c78       0x3c ./Drivers/STM32L4xx_HAL_Driver/Src/stm32l4xx_hal_cortex.o
 .text.__NVIC_SetPriority
                0x08001cb4       0x54 ./Drivers/STM32L4xx_HAL_Driver/Src/stm32l4xx_hal_cortex.o
 .text.NVIC_EncodePriority
                0x08001d08       0x66 ./Drivers/STM32L4xx_HAL_Driver/Src/stm32l4xx_hal_cortex.o
 *fill*         0x08001d6e        0x2 
 .text.SysTick_Config
                0x08001d70       0x44 ./Drivers/STM32L4xx_HAL_Driver/Src/stm32l4xx_hal_cortex.o
 .text.HAL_NVIC_SetPriorityGrouping
                0x08001db4       0x16 ./Drivers/STM32L4xx_HAL_Driver/Src/stm32l4xx_hal_cortex.o
                0x08001db4                HAL_NVIC_SetPriorityGrouping
 .text.HAL_NVIC_SetPriority
                0x08001dca       0x38 ./Drivers/STM32L4xx_HAL_Driver/Src/stm32l4xx_hal_cortex.o
                0x08001dca                HAL_NVIC_SetPriority
 .text.HAL_NVIC_EnableIRQ
                0x08001e02       0x1c ./Drivers/STM32L4xx_HAL_Driver/Src/stm32l4xx_hal_cortex.o
                0x08001e02                HAL_NVIC_EnableIRQ
 .text.HAL_SYSTICK_Config
                0x08001e1e       0x18 ./Drivers/STM32L4xx_HAL_Driver/Src/stm32l4xx_hal_cortex.o
                0x08001e1e                HAL_SYSTICK_Config
 *fill*         0x08001e36        0x2 
 .text.HAL_GPIO_Init
                0x08001e38      0x354 ./Drivers/STM32L4xx_HAL_Driver/Src/stm32l4xx_hal_gpio.o
                0x08001e38                HAL_GPIO_Init
 .text.HAL_GPIO_ReadPin
                0x0800218c       0x30 ./Drivers/STM32L4xx_HAL_Driver/Src/stm32l4xx_hal_gpio.o
                0x0800218c                HAL_GPIO_ReadPin
 .text.HAL_GPIO_WritePin
                0x080021bc       0x30 ./Drivers/STM32L4xx_HAL_Driver/Src/stm32l4xx_hal_gpio.o
                0x080021bc                HAL_GPIO_WritePin
 .text.HAL_GPIO_EXTI_IRQHandler
                0x080021ec       0x30 ./Drivers/STM32L4xx_HAL_Driver/Src/stm32l4xx_hal_gpio.o
                0x080021ec                HAL_GPIO_EXTI_IRQHandler
 .text.HAL_I2C_Init
                0x0800221c      0x136 ./Drivers/STM32L4xx_HAL_Driver/Src/stm32l4xx_hal_i2c.o
                0x0800221c                HAL_I2C_Init
 *fill*         0x08002352        0x2 
 .text.HAL_I2C_Mem_Write
                0x08002354      0x228 ./Drivers/STM32L4xx_HAL_Driver/Src/stm32l4xx_hal_i2c.o
                0x08002354                HAL_I2C_Mem_Write
 .text.I2C_RequestMemoryWrite
                0x0800257c       0xa8 ./Drivers/STM32L4xx_HAL_Driver/Src/stm32l4xx_hal_i2c.o
 .text.I2C_Flush_TXDR
                0x08002624       0x48 ./Drivers/STM32L4xx_HAL_Driver/Src/stm32l4xx_hal_i2c.o
 .text.I2C_WaitOnFlagUntilTimeout
                0x0800266c       0xb2 ./Drivers/STM32L4xx_HAL_Driver/Src/stm32l4xx_hal_i2c.o
 .text.I2C_WaitOnTXISFlagUntilTimeout
                0x0800271e       0x8e ./Drivers/STM32L4xx_HAL_Driver/Src/stm32l4xx_hal_i2c.o
 .text.I2C_WaitOnSTOPFlagUntilTimeout
                0x080027ac       0x86 ./Drivers/STM32L4xx_HAL_Driver/Src/stm32l4xx_hal_i2c.o
 *fill*         0x08002832        0x2 
 .text.I2C_IsErrorOccurred
                0x08002834      0x1c0 ./Drivers/STM32L4xx_HAL_Driver/Src/stm32l4xx_hal_i2c.o
 .text.I2C_TransferConfig
                0x080029f4       0x64 ./Drivers/STM32L4xx_HAL_Driver/Src/stm32l4xx_hal_i2c.o
 .text.HAL_I2CEx_ConfigAnalogFilter
                0x08002a58       0x96 ./Drivers/STM32L4xx_HAL_Driver/Src/stm32l4xx_hal_i2c_ex.o
                0x08002a58                HAL_I2CEx_ConfigAnalogFilter
 .text.HAL_I2CEx_ConfigDigitalFilter
                0x08002aee       0x98 ./Drivers/STM32L4xx_HAL_Driver/Src/stm32l4xx_hal_i2c_ex.o
                0x08002aee                HAL_I2CEx_ConfigDigitalFilter
 *fill*         0x08002b86        0x2 
 .text.HAL_PWREx_GetVoltageRange
                0x08002b88       0x1c ./Drivers/STM32L4xx_HAL_Driver/Src/stm32l4xx_hal_pwr_ex.o
                0x08002b88                HAL_PWREx_GetVoltageRange
 .text.HAL_PWREx_ControlVoltageScaling
                0x08002ba4       0xac ./Drivers/STM32L4xx_HAL_Driver/Src/stm32l4xx_hal_pwr_ex.o
                0x08002ba4                HAL_PWREx_ControlVoltageScaling
 .text.HAL_RCC_OscConfig
                0x08002c50      0x7b8 ./Drivers/STM32L4xx_HAL_Driver/Src/stm32l4xx_hal_rcc.o
                0x08002c50                HAL_RCC_OscConfig
 .text.HAL_RCC_ClockConfig
                0x08003408      0x200 ./Drivers/STM32L4xx_HAL_Driver/Src/stm32l4xx_hal_rcc.o
                0x08003408                HAL_RCC_ClockConfig
 .text.HAL_RCC_GetSysClockFreq
                0x08003608      0x118 ./Drivers/STM32L4xx_HAL_Driver/Src/stm32l4xx_hal_rcc.o
                0x08003608                HAL_RCC_GetSysClockFreq
 .text.HAL_RCC_GetHCLKFreq
                0x08003720       0x18 ./Drivers/STM32L4xx_HAL_Driver/Src/stm32l4xx_hal_rcc.o
                0x08003720                HAL_RCC_GetHCLKFreq
 .text.HAL_RCC_GetPCLK1Freq
                0x08003738       0x2c ./Drivers/STM32L4xx_HAL_Driver/Src/stm32l4xx_hal_rcc.o
                0x08003738                HAL_RCC_GetPCLK1Freq
 .text.HAL_RCC_GetPCLK2Freq
                0x08003764       0x2c ./Drivers/STM32L4xx_HAL_Driver/Src/stm32l4xx_hal_rcc.o
                0x08003764                HAL_RCC_GetPCLK2Freq
 .text.RCC_SetFlashLatencyFromMSIRange
                0x08003790       0xc0 ./Drivers/STM32L4xx_HAL_Driver/Src/stm32l4xx_hal_rcc.o
 .text.HAL_RCCEx_PeriphCLKConfig
                0x08003850      0x5d4 ./Drivers/STM32L4xx_HAL_Driver/Src/stm32l4xx_hal_rcc_ex.o
                0x08003850                HAL_RCCEx_PeriphCLKConfig
 .text.RCCEx_PLLSAI1_Config
                0x08003e24      0x1e8 ./Drivers/STM32L4xx_HAL_Driver/Src/stm32l4xx_hal_rcc_ex.o
 .text.RCCEx_PLLSAI2_Config
                0x0800400c      0x1bc ./Drivers/STM32L4xx_HAL_Driver/Src/stm32l4xx_hal_rcc_ex.o
 .text.HAL_UART_Init
                0x080041c8       0x9c ./Drivers/STM32L4xx_HAL_Driver/Src/stm32l4xx_hal_uart.o
                0x080041c8                HAL_UART_Init
 .text.UART_SetConfig
                0x08004264      0x570 ./Drivers/STM32L4xx_HAL_Driver/Src/stm32l4xx_hal_uart.o
                0x08004264                UART_SetConfig
 .text.UART_AdvFeatureConfig
                0x080047d4      0x144 ./Drivers/STM32L4xx_HAL_Driver/Src/stm32l4xx_hal_uart.o
                0x080047d4                UART_AdvFeatureConfig
 .text.UART_CheckIdleState
                0x08004918      0x150 ./Drivers/STM32L4xx_HAL_Driver/Src/stm32l4xx_hal_uart.o
                0x08004918                UART_CheckIdleState
 .text.UART_WaitOnFlagUntilTimeout
                0x08004a68       0xda ./Drivers/STM32L4xx_HAL_Driver/Src/stm32l4xx_hal_uart.o
                0x08004a68                UART_WaitOnFlagUntilTimeout
 .text.UART_EndRxTransfer
                0x08004b42       0xc8 ./Drivers/STM32L4xx_HAL_Driver/Src/stm32l4xx_hal_uart.o
 *fill*         0x08004c0a        0x2 
 .text.snprintf
                0x08004c0c       0x6c /Applications/STM32CubeIDE.app/Contents/Eclipse/plugins/com.st.stm32cube.ide.mcu.externaltools.gnu-tools-for-stm32.13.3.rel1.macos64_1.0.0.202411102158/tools/bin/../lib/gcc/arm-none-eabi/13.3.1/../../../../arm-none-eabi/lib/thumb/v7e-m+fp/hard/libc_nano.a(libc_a-snprintf.o)
                0x08004c0c                snprintf
                0x08004c0c                sniprintf
 .text.memmove  0x08004c78       0x34 /Applications/STM32CubeIDE.app/Contents/Eclipse/plugins/com.st.stm32cube.ide.mcu.externaltools.gnu-tools-for-stm32.13.3.rel1.macos64_1.0.0.202411102158/tools/bin/../lib/gcc/arm-none-eabi/13.3.1/../../../../arm-none-eabi/lib/thumb/v7e-m+fp/hard/libc_nano.a(libc_a-memmove.o)
                0x08004c78                memmove
 .text.memset   0x08004cac       0x10 /Applications/STM32CubeIDE.app/Contents/Eclipse/plugins/com.st.stm32cube.ide.mcu.externaltools.gnu-tools-for-stm32.13.3.rel1.macos64_1.0.0.202411102158/tools/bin/../lib/gcc/arm-none-eabi/13.3.1/../../../../arm-none-eabi/lib/thumb/v7e-m+fp/hard/libc_nano.a(libc_a-memset.o)
                0x08004cac                memset
 .text.__errno  0x08004cbc        0xc /Applications/STM32CubeIDE.app/Contents/Eclipse/plugins/com.st.stm32cube.ide.mcu.externaltools.gnu-tools-for-stm32.13.3.rel1.macos64_1.0.0.202411102158/tools/bin/../lib/gcc/arm-none-eabi/13.3.1/../../../../arm-none-eabi/lib/thumb/v7e-m+fp/hard/libc_nano.a(libc_a-errno.o)
                0x08004cbc                __errno
 .text.__libc_init_array
                0x08004cc8       0x48 /Applications/STM32CubeIDE.app/Contents/Eclipse/plugins/com.st.stm32cube.ide.mcu.externaltools.gnu-tools-for-stm32.13.3.rel1.macos64_1.0.0.202411102158/tools/bin/../lib/gcc/arm-none-eabi/13.3.1/../../../../arm-none-eabi/lib/thumb/v7e-m+fp/hard/libc_nano.a(libc_a-init.o)
                0x08004cc8                __libc_init_array
 .text.__retarget_lock_acquire_recursive
                0x08004d10        0x2 /Applications/STM32CubeIDE.app/Contents/Eclipse/plugins/com.st.stm32cube.ide.mcu.externaltools.gnu-tools-for-stm32.13.3.rel1.macos64_1.0.0.202411102158/tools/bin/../lib/gcc/arm-none-eabi/13.3.1/../../../../arm-none-eabi/lib/thumb/v7e-m+fp/hard/libc_nano.a(libc_a-lock.o)
                0x08004d10                __retarget_lock_acquire_recursive
 .text.__retarget_lock_release_recursive
                0x08004d12        0x2 /Applications/STM32CubeIDE.app/Contents/Eclipse/plugins/com.st.stm32cube.ide.mcu.externaltools.gnu-tools-for-stm32.13.3.rel1.macos64_1.0.0.202411102158/tools/bin/../lib/gcc/arm-none-eabi/13.3.1/../../../../arm-none-eabi/lib/thumb/v7e-m+fp/hard/libc_nano.a(libc_a-lock.o)
                0x08004d12                __retarget_lock_release_recursive
 .text.memcpy   0x08004d14       0x1c /Applications/STM32CubeIDE.app/Contents/Eclipse/plugins/com.st.stm32cube.ide.mcu.externaltools.gnu-tools-for-stm32.13.3.rel1.macos64_1.0.0.202411102158/tools/bin/../lib/gcc/arm-none-eabi/13.3.1/../../../../arm-none-eabi/lib/thumb/v7e-m+fp/hard/libc_nano.a(libc_a-memcpy-stub.o)
                0x08004d14                memcpy
 .text.__ssputs_r
                0x08004d30       0xb6 /Applications/STM32CubeIDE.app/Contents/Eclipse/plugins/com.st.stm32cube.ide.mcu.externaltools.gnu-tools-for-stm32.13.3.rel1.macos64_1.0.0.202411102158/tools/bin/../lib/gcc/arm-none-eabi/13.3.1/../../../../arm-none-eabi/lib/thumb/v7e-m+fp/hard/libc_nano.a(libc_a-nano-svfprintf.o)
                0x08004d30                __ssputs_r
 *fill*         0x08004de6        0x2 
 .text._svfprintf_r
                0x08004de8      0x1f8 /Applications/STM32CubeIDE.app/Contents/Eclipse/plugins/com.st.stm32cube.ide.mcu.externaltools.gnu-tools-for-stm32.13.3.rel1.macos64_1.0.0.202411102158/tools/bin/../lib/gcc/arm-none-eabi/13.3.1/../../../../arm-none-eabi/lib/thumb/v7e-m+fp/hard/libc_nano.a(libc_a-nano-svfprintf.o)
                0x08004de8                _svfprintf_r
                0x08004de8                _svfiprintf_r
 .text.sbrk_aligned
                0x08004fe0       0x44 /Applications/STM32CubeIDE.app/Contents/Eclipse/plugins/com.st.stm32cube.ide.mcu.externaltools.gnu-tools-for-stm32.13.3.rel1.macos64_1.0.0.202411102158/tools/bin/../lib/gcc/arm-none-eabi/13.3.1/../../../../arm-none-eabi/lib/thumb/v7e-m+fp/hard/libc_nano.a(libc_a-mallocr.o)
 .text._malloc_r
                0x08005024      0x100 /Applications/STM32CubeIDE.app/Contents/Eclipse/plugins/com.st.stm32cube.ide.mcu.externaltools.gnu-tools-for-stm32.13.3.rel1.macos64_1.0.0.202411102158/tools/bin/../lib/gcc/arm-none-eabi/13.3.1/../../../../arm-none-eabi/lib/thumb/v7e-m+fp/hard/libc_nano.a(libc_a-mallocr.o)
                0x08005024                _malloc_r
 .text._printf_common
                0x08005124       0xda /Applications/STM32CubeIDE.app/Contents/Eclipse/plugins/com.st.stm32cube.ide.mcu.externaltools.gnu-tools-for-stm32.13.3.rel1.macos64_1.0.0.202411102158/tools/bin/../lib/gcc/arm-none-eabi/13.3.1/../../../../arm-none-eabi/lib/thumb/v7e-m+fp/hard/libc_nano.a(libc_a-nano-vfprintf_i.o)
                0x08005124                _printf_common
 *fill*         0x080051fe        0x2 
 .text._printf_i
                0x08005200      0x23c /Applications/STM32CubeIDE.app/Contents/Eclipse/plugins/com.st.stm32cube.ide.mcu.externaltools.gnu-tools-for-stm32.13.3.rel1.macos64_1.0.0.202411102158/tools/bin/../lib/gcc/arm-none-eabi/13.3.1/../../../../arm-none-eabi/lib/thumb/v7e-m+fp/hard/libc_nano.a(libc_a-nano-vfprintf_i.o)
                0x08005200                _printf_i
 .text.__malloc_lock
                0x0800543c        0xc /Applications/STM32CubeIDE.app/Contents/Eclipse/plugins/com.st.stm32cube.ide.mcu.externaltools.gnu-tools-for-stm32.13.3.rel1.macos64_1.0.0.202411102158/tools/bin/../lib/gcc/arm-none-eabi/13.3.1/../../../../arm-none-eabi/lib/thumb/v7e-m+fp/hard/libc_nano.a(libc_a-mlock.o)
                0x0800543c                __malloc_lock
 .text.__malloc_unlock
                0x08005448        0xc /Applications/STM32CubeIDE.app/Contents/Eclipse/plugins/com.st.stm32cube.ide.mcu.externaltools.gnu-tools-for-stm32.13.3.rel1.macos64_1.0.0.202411102158/tools/bin/../lib/gcc/arm-none-eabi/13.3.1/../../../../arm-none-eabi/lib/thumb/v7e-m+fp/hard/libc_nano.a(libc_a-mlock.o)
                0x08005448                __malloc_unlock
 .text._realloc_r
                0x08005454       0x5c /Applications/STM32CubeIDE.app/Contents/Eclipse/plugins/com.st.stm32cube.ide.mcu.externaltools.gnu-tools-for-stm32.13.3.rel1.macos64_1.0.0.202411102158/tools/bin/../lib/gcc/arm-none-eabi/13.3.1/../../../../arm-none-eabi/lib/thumb/v7e-m+fp/hard/libc_nano.a(libc_a-reallocr.o)
                0x08005454                _realloc_r
 .text._sbrk_r  0x080054b0       0x20 /Applications/STM32CubeIDE.app/Contents/Eclipse/plugins/com.st.stm32cube.ide.mcu.externaltools.gnu-tools-for-stm32.13.3.rel1.macos64_1.0.0.202411102158/tools/bin/../lib/gcc/arm-none-eabi/13.3.1/../../../../arm-none-eabi/lib/thumb/v7e-m+fp/hard/libc_nano.a(libc_a-sbrkr.o)
                0x080054b0                _sbrk_r
 .text._free_r  0x080054d0       0x94 /Applications/STM32CubeIDE.app/Contents/Eclipse/plugins/com.st.stm32cube.ide.mcu.externaltools.gnu-tools-for-stm32.13.3.rel1.macos64_1.0.0.202411102158/tools/bin/../lib/gcc/arm-none-eabi/13.3.1/../../../../arm-none-eabi/lib/thumb/v7e-m+fp/hard/libc_nano.a(libc_a-freer.o)
                0x080054d0                _free_r
 .text._malloc_usable_size_r
                0x08005564       0x10 /Applications/STM32CubeIDE.app/Contents/Eclipse/plugins/com.st.stm32cube.ide.mcu.externaltools.gnu-tools-for-stm32.13.3.rel1.macos64_1.0.0.202411102158/tools/bin/../lib/gcc/arm-none-eabi/13.3.1/../../../../arm-none-eabi/lib/thumb/v7e-m+fp/hard/libc_nano.a(libc_a-msizer.o)
                0x08005564                _malloc_usable_size_r
 *(.glue_7)
 .glue_7        0x08005574        0x0 linker stubs
 *(.glue_7t)
 .glue_7t       0x08005574        0x0 linker stubs
 *(.eh_frame)
 .eh_frame      0x08005574        0x0 /Applications/STM32CubeIDE.app/Contents/Eclipse/plugins/com.st.stm32cube.ide.mcu.externaltools.gnu-tools-for-stm32.13.3.rel1.macos64_1.0.0.202411102158/tools/bin/../lib/gcc/arm-none-eabi/13.3.1/thumb/v7e-m+fp/hard/crtbegin.o
 *(.init)
 .init          0x08005574        0x4 /Applications/STM32CubeIDE.app/Contents/Eclipse/plugins/com.st.stm32cube.ide.mcu.externaltools.gnu-tools-for-stm32.13.3.rel1.macos64_1.0.0.202411102158/tools/bin/../lib/gcc/arm-none-eabi/13.3.1/thumb/v7e-m+fp/hard/crti.o
                0x08005574                _init
 .init          0x08005578        0x8 /Applications/STM32CubeIDE.app/Contents/Eclipse/plugins/com.st.stm32cube.ide.mcu.externaltools.gnu-tools-for-stm32.13.3.rel1.macos64_1.0.0.202411102158/tools/bin/../lib/gcc/arm-none-eabi/13.3.1/thumb/v7e-m+fp/hard/crtn.o
 *(.fini)
 .fini          0x08005580        0x4 /Applications/STM32CubeIDE.app/Contents/Eclipse/plugins/com.st.stm32cube.ide.mcu.externaltools.gnu-tools-for-stm32.13.3.rel1.macos64_1.0.0.202411102158/tools/bin/../lib/gcc/arm-none-eabi/13.3.1/thumb/v7e-m+fp/hard/crti.o
                0x08005580                _fini
 .fini          0x08005584        0x8 /Applications/STM32CubeIDE.app/Contents/Eclipse/plugins/com.st.stm32cube.ide.mcu.externaltools.gnu-tools-for-stm32.13.3.rel1.macos64_1.0.0.202411102158/tools/bin/../lib/gcc/arm-none-eabi/13.3.1/thumb/v7e-m+fp/hard/crtn.o
                0x0800558c                        . = ALIGN (0x4)
                0x0800558c                        _etext = .

.vfp11_veneer   0x0800558c        0x0
 .vfp11_veneer  0x0800558c        0x0 linker stubs

.v4_bx          0x0800558c        0x0
 .v4_bx         0x0800558c        0x0 linker stubs

.iplt           0x0800558c        0x0
 .iplt          0x0800558c        0x0 /Applications/STM32CubeIDE.app/Contents/Eclipse/plugins/com.st.stm32cube.ide.mcu.externaltools.gnu-tools-for-stm32.13.3.rel1.macos64_1.0.0.202411102158/tools/bin/../lib/gcc/arm-none-eabi/13.3.1/thumb/v7e-m+fp/hard/crtbegin.o

.rodata         0x0800558c    0x14998
                0x0800558c                        . = ALIGN (0x4)
 *(.rodata)
 .rodata        0x0800558c        0x6 ./Core/Src/main.o
 *fill*         0x08005592        0x2 
 .rodata        0x08005594       0xd9 ./Core/Src/oled.o
 *(.rodata*)
 *fill*         0x0800566d        0x3 
 .rodata.Init_bitmap_frame_00_delay_0
                0x08005670      0x400 ./Core/Src/oled.o
                0x08005670                Init_bitmap_frame_00_delay_0
 .rodata.Init_bitmap_frame_01_delay_0
                0x08005a70      0x400 ./Core/Src/oled.o
                0x08005a70                Init_bitmap_frame_01_delay_0
 .rodata.Init_bitmap_frame_02_delay_0
                0x08005e70      0x400 ./Core/Src/oled.o
                0x08005e70                Init_bitmap_frame_02_delay_0
 .rodata.Init_bitmap_frame_03_delay_0
                0x08006270      0x400 ./Core/Src/oled.o
                0x08006270                Init_bitmap_frame_03_delay_0
 .rodata.Init_bitmap_frame_04_delay_0
                0x08006670      0x400 ./Core/Src/oled.o
                0x08006670                Init_bitmap_frame_04_delay_0
 .rodata.Init_bitmap_frame_05_delay_0
                0x08006a70      0x400 ./Core/Src/oled.o
                0x08006a70                Init_bitmap_frame_05_delay_0
 .rodata.Init_bitmap_frame_06_delay_0
                0x08006e70      0x400 ./Core/Src/oled.o
                0x08006e70                Init_bitmap_frame_06_delay_0
 .rodata.Init_bitmap_frame_07_delay_0
                0x08007270      0x400 ./Core/Src/oled.o
                0x08007270                Init_bitmap_frame_07_delay_0
 .rodata.Init_bitmap_frame_08_delay_0
                0x08007670      0x400 ./Core/Src/oled.o
                0x08007670                Init_bitmap_frame_08_delay_0
 .rodata.Init_bitmap_frame_09_delay_0
                0x08007a70      0x400 ./Core/Src/oled.o
                0x08007a70                Init_bitmap_frame_09_delay_0
 .rodata.Init_bitmap_frame_10_delay_0
                0x08007e70      0x400 ./Core/Src/oled.o
                0x08007e70                Init_bitmap_frame_10_delay_0
 .rodata.Init_bitmap_frame_11_delay_0
                0x08008270      0x400 ./Core/Src/oled.o
                0x08008270                Init_bitmap_frame_11_delay_0
 .rodata.Init_bitmap_frame_12_delay_0
                0x08008670      0x400 ./Core/Src/oled.o
                0x08008670                Init_bitmap_frame_12_delay_0
 .rodata.epd_bitmap_cat_head_64
                0x08008a70      0x400 ./Core/Src/oled.o
                0x08008a70                epd_bitmap_cat_head_64
 .rodata.epd_bitmap_mouse_head_64
                0x08008e70      0x400 ./Core/Src/oled.o
                0x08008e70                epd_bitmap_mouse_head_64
 .rodata.kirby_bitmap_frame_00_delay_0
                0x08009270      0x400 ./Core/Src/oled.o
                0x08009270                kirby_bitmap_frame_00_delay_0
 .rodata.kirby_bitmap_frame_01_delay_0
                0x08009670      0x400 ./Core/Src/oled.o
                0x08009670                kirby_bitmap_frame_01_delay_0
 .rodata.kirby_bitmap_frame_31_delay_0
                0x08009a70      0x400 ./Core/Src/oled.o
                0x08009a70                kirby_bitmap_frame_31_delay_0
 .rodata.kirby_bitmap_frame_02_delay_0
                0x08009e70      0x400 ./Core/Src/oled.o
                0x08009e70                kirby_bitmap_frame_02_delay_0
 .rodata.kirby_bitmap_frame_03_delay_0
                0x0800a270      0x400 ./Core/Src/oled.o
                0x0800a270                kirby_bitmap_frame_03_delay_0
 .rodata.kirby_bitmap_frame_05_delay_0
                0x0800a670      0x400 ./Core/Src/oled.o
                0x0800a670                kirby_bitmap_frame_05_delay_0
 .rodata.kirby_bitmap_frame_04_delay_0
                0x0800aa70      0x400 ./Core/Src/oled.o
                0x0800aa70                kirby_bitmap_frame_04_delay_0
 .rodata.kirby_bitmap_frame_06_delay_0
                0x0800ae70      0x400 ./Core/Src/oled.o
                0x0800ae70                kirby_bitmap_frame_06_delay_0
 .rodata.kirby_bitmap_frame_07_delay_0
                0x0800b270      0x400 ./Core/Src/oled.o
                0x0800b270                kirby_bitmap_frame_07_delay_0
 .rodata.kirby_bitmap_frame_11_delay_0
                0x0800b670      0x400 ./Core/Src/oled.o
                0x0800b670                kirby_bitmap_frame_11_delay_0
 .rodata.kirby_bitmap_frame_09_delay_0
                0x0800ba70      0x400 ./Core/Src/oled.o
                0x0800ba70                kirby_bitmap_frame_09_delay_0
 .rodata.kirby_bitmap_frame_13_delay_0
                0x0800be70      0x400 ./Core/Src/oled.o
                0x0800be70                kirby_bitmap_frame_13_delay_0
 .rodata.kirby_bitmap_frame_16_delay_0
                0x0800c270      0x400 ./Core/Src/oled.o
                0x0800c270                kirby_bitmap_frame_16_delay_0
 .rodata.kirby_bitmap_frame_10_delay_0
                0x0800c670      0x400 ./Core/Src/oled.o
                0x0800c670                kirby_bitmap_frame_10_delay_0
 .rodata.kirby_bitmap_frame_15_delay_0
                0x0800ca70      0x400 ./Core/Src/oled.o
                0x0800ca70                kirby_bitmap_frame_15_delay_0
 .rodata.kirby_bitmap_frame_14_delay_0
                0x0800ce70      0x400 ./Core/Src/oled.o
                0x0800ce70                kirby_bitmap_frame_14_delay_0
 .rodata.kirby_bitmap_frame_12_delay_0
                0x0800d270      0x400 ./Core/Src/oled.o
                0x0800d270                kirby_bitmap_frame_12_delay_0
 .rodata.kirby_bitmap_frame_22_delay_0
                0x0800d670      0x400 ./Core/Src/oled.o
                0x0800d670                kirby_bitmap_frame_22_delay_0
 .rodata.kirby_bitmap_frame_08_delay_0
                0x0800da70      0x400 ./Core/Src/oled.o
                0x0800da70                kirby_bitmap_frame_08_delay_0
 .rodata.kirby_bitmap_frame_23_delay_0
                0x0800de70      0x400 ./Core/Src/oled.o
                0x0800de70                kirby_bitmap_frame_23_delay_0
 .rodata.kirby_bitmap_frame_24_delay_0
                0x0800e270      0x400 ./Core/Src/oled.o
                0x0800e270                kirby_bitmap_frame_24_delay_0
 .rodata.kirby_bitmap_frame_18_delay_0
                0x0800e670      0x400 ./Core/Src/oled.o
                0x0800e670                kirby_bitmap_frame_18_delay_0
 .rodata.kirby_bitmap_frame_17_delay_0
                0x0800ea70      0x400 ./Core/Src/oled.o
                0x0800ea70                kirby_bitmap_frame_17_delay_0
 .rodata.kirby_bitmap_frame_26_delay_0
                0x0800ee70      0x400 ./Core/Src/oled.o
                0x0800ee70                kirby_bitmap_frame_26_delay_0
 .rodata.kirby_bitmap_frame_27_delay_0
                0x0800f270      0x400 ./Core/Src/oled.o
                0x0800f270                kirby_bitmap_frame_27_delay_0
 .rodata.kirby_bitmap_frame_19_delay_0
                0x0800f670      0x400 ./Core/Src/oled.o
                0x0800f670                kirby_bitmap_frame_19_delay_0
 .rodata.kirby_bitmap_frame_28_delay_0
                0x0800fa70      0x400 ./Core/Src/oled.o
                0x0800fa70                kirby_bitmap_frame_28_delay_0
 .rodata.kirby_bitmap_frame_21_delay_0
                0x0800fe70      0x400 ./Core/Src/oled.o
                0x0800fe70                kirby_bitmap_frame_21_delay_0
 .rodata.kirby_bitmap_frame_29_delay_0
                0x08010270      0x400 ./Core/Src/oled.o
                0x08010270                kirby_bitmap_frame_29_delay_0
 .rodata.kirby_bitmap_frame_30_delay_0
                0x08010670      0x400 ./Core/Src/oled.o
                0x08010670                kirby_bitmap_frame_30_delay_0
 .rodata.kirby_bitmap_frame_20_delay_0
                0x08010a70      0x400 ./Core/Src/oled.o
                0x08010a70                kirby_bitmap_frame_20_delay_0
 .rodata.kirby_bitmap_frame_25_delay_0
                0x08010e70      0x400 ./Core/Src/oled.o
                0x08010e70                kirby_bitmap_frame_25_delay_0
 .rodata.scared_cat_bitmap_frame_00_delay_0
                0x08011270      0x400 ./Core/Src/oled.o
                0x08011270                scared_cat_bitmap_frame_00_delay_0
 .rodata.scared_cat_bitmap_frame_01_delay_0
                0x08011670      0x400 ./Core/Src/oled.o
                0x08011670                scared_cat_bitmap_frame_01_delay_0
 .rodata.scared_cat_bitmap_frame_02_delay_0
                0x08011a70      0x400 ./Core/Src/oled.o
                0x08011a70                scared_cat_bitmap_frame_02_delay_0
 .rodata.scared_cat_bitmap_frame_04_delay_0
                0x08011e70      0x400 ./Core/Src/oled.o
                0x08011e70                scared_cat_bitmap_frame_04_delay_0
 .rodata.scared_cat_bitmap_frame_03_delay_0
                0x08012270      0x400 ./Core/Src/oled.o
                0x08012270                scared_cat_bitmap_frame_03_delay_0
 .rodata.scared_cat_bitmap_frame_05_delay_0
                0x08012670      0x400 ./Core/Src/oled.o
                0x08012670                scared_cat_bitmap_frame_05_delay_0
 .rodata.scared_cat_bitmap_frame_06_delay_0
                0x08012a70      0x400 ./Core/Src/oled.o
                0x08012a70                scared_cat_bitmap_frame_06_delay_0
 .rodata.scared_cat_bitmap_frame_07_delay_0
                0x08012e70      0x400 ./Core/Src/oled.o
                0x08012e70                scared_cat_bitmap_frame_07_delay_0
 .rodata.scared_cat_bitmap_frame_08_delay_0
                0x08013270      0x400 ./Core/Src/oled.o
                0x08013270                scared_cat_bitmap_frame_08_delay_0
 .rodata.scared_cat_bitmap_frame_09_delay_0
                0x08013670      0x400 ./Core/Src/oled.o
                0x08013670                scared_cat_bitmap_frame_09_delay_0
 .rodata.scared_cat_bitmap_frame_10_delay_0
                0x08013a70      0x400 ./Core/Src/oled.o
                0x08013a70                scared_cat_bitmap_frame_10_delay_0
 .rodata.scared_cat_bitmap_frame_11_delay_0
                0x08013e70      0x400 ./Core/Src/oled.o
                0x08013e70                scared_cat_bitmap_frame_11_delay_0
 .rodata.scared_cat_bitmap_frame_12_delay_0
                0x08014270      0x400 ./Core/Src/oled.o
                0x08014270                scared_cat_bitmap_frame_12_delay_0
 .rodata.scared_cat_bitmap_frame_13_delay_0
                0x08014670      0x400 ./Core/Src/oled.o
                0x08014670                scared_cat_bitmap_frame_13_delay_0
 .rodata.scared_cat_bitmap_frame_14_delay_0
                0x08014a70      0x400 ./Core/Src/oled.o
                0x08014a70                scared_cat_bitmap_frame_14_delay_0
 .rodata.scared_cat_bitmap_frame_15_delay_0
                0x08014e70      0x400 ./Core/Src/oled.o
                0x08014e70                scared_cat_bitmap_frame_15_delay_0
 .rodata.scared_cat_bitmap_frame_16_delay_0
                0x08015270      0x400 ./Core/Src/oled.o
                0x08015270                scared_cat_bitmap_frame_16_delay_0
 .rodata.scared_cat_bitmap_frame_17_delay_0
                0x08015670      0x400 ./Core/Src/oled.o
                0x08015670                scared_cat_bitmap_frame_17_delay_0
 .rodata.scared_cat_bitmap_frame_18_delay_0
                0x08015a70      0x400 ./Core/Src/oled.o
                0x08015a70                scared_cat_bitmap_frame_18_delay_0
 .rodata.scared_cat_bitmap_frame_19_delay_0
                0x08015e70      0x400 ./Core/Src/oled.o
                0x08015e70                scared_cat_bitmap_frame_19_delay_0
 .rodata.scared_cat_bitmap_frame_20_delay_0
                0x08016270      0x400 ./Core/Src/oled.o
                0x08016270                scared_cat_bitmap_frame_20_delay_0
 .rodata.scared_cat_bitmap_frame_21_delay_0
                0x08016670      0x400 ./Core/Src/oled.o
                0x08016670                scared_cat_bitmap_frame_21_delay_0
 .rodata.scared_cat_bitmap_frame_22_delay_0
                0x08016a70      0x400 ./Core/Src/oled.o
                0x08016a70                scared_cat_bitmap_frame_22_delay_0
 .rodata.scared_cat_bitmap_frame_24_delay_0
                0x08016e70      0x400 ./Core/Src/oled.o
                0x08016e70                scared_cat_bitmap_frame_24_delay_0
 .rodata.scared_cat_bitmap_frame_23_delay_0
                0x08017270      0x400 ./Core/Src/oled.o
                0x08017270                scared_cat_bitmap_frame_23_delay_0
 .rodata.AHBPrescTable
                0x08017670       0x10 ./Core/Src/system_stm32l4xx.o
                0x08017670                AHBPrescTable
 .rodata.APBPrescTable
                0x08017680        0x8 ./Core/Src/system_stm32l4xx.o
                0x08017680                APBPrescTable
 .rodata.MSIRangeTable
                0x08017688       0x30 ./Core/Src/system_stm32l4xx.o
                0x08017688                MSIRangeTable
 .rodata.Font7x10
                0x080176b8      0x76c ./Drivers/OLED/ssd1306_fonts.o
 .rodata.Font11x18
                0x08017e24      0xd5c ./Drivers/OLED/ssd1306_fonts.o
 .rodata.Font16x26
                0x08018b80     0x134c ./Drivers/OLED/ssd1306_fonts.o
 .rodata.Font_7x10
                0x08019ecc        0xc ./Drivers/OLED/ssd1306_fonts.o
                0x08019ecc                Font_7x10
 .rodata.Font_11x18
                0x08019ed8        0xc ./Drivers/OLED/ssd1306_fonts.o
                0x08019ed8                Font_11x18
 .rodata.Font_16x26
                0x08019ee4        0xc ./Drivers/OLED/ssd1306_fonts.o
                0x08019ee4                Font_16x26
 .rodata._svfprintf_r.str1.1
                0x08019ef0       0x33 /Applications/STM32CubeIDE.app/Contents/Eclipse/plugins/com.st.stm32cube.ide.mcu.externaltools.gnu-tools-for-stm32.13.3.rel1.macos64_1.0.0.202411102158/tools/bin/../lib/gcc/arm-none-eabi/13.3.1/../../../../arm-none-eabi/lib/thumb/v7e-m+fp/hard/libc_nano.a(libc_a-nano-svfprintf.o)
                                 0x11 (size before relaxing)
 .rodata._printf_i.str1.1
                0x08019f23       0x22 /Applications/STM32CubeIDE.app/Contents/Eclipse/plugins/com.st.stm32cube.ide.mcu.externaltools.gnu-tools-for-stm32.13.3.rel1.macos64_1.0.0.202411102158/tools/bin/../lib/gcc/arm-none-eabi/13.3.1/../../../../arm-none-eabi/lib/thumb/v7e-m+fp/hard/libc_nano.a(libc_a-nano-vfprintf_i.o)
                0x08019f48                        . = ALIGN (0x4)
 *fill*         0x08019f23        0x1 

.ARM.extab      0x08019f24        0x0
                0x08019f24                        . = ALIGN (0x4)
 *(.ARM.extab* .gnu.linkonce.armextab.*)
                0x08019f24                        . = ALIGN (0x4)

.ARM            0x08019f24        0x8
                0x08019f24                        . = ALIGN (0x4)
                0x08019f24                        __exidx_start = .
 *(.ARM.exidx*)
 .ARM.exidx     0x08019f24        0x8 /Applications/STM32CubeIDE.app/Contents/Eclipse/plugins/com.st.stm32cube.ide.mcu.externaltools.gnu-tools-for-stm32.13.3.rel1.macos64_1.0.0.202411102158/tools/bin/../lib/gcc/arm-none-eabi/13.3.1/../../../../arm-none-eabi/lib/thumb/v7e-m+fp/hard/libc_nano.a(libc_a-memchr.o)
 .ARM.exidx     0x08019f2c        0x0 /Applications/STM32CubeIDE.app/Contents/Eclipse/plugins/com.st.stm32cube.ide.mcu.externaltools.gnu-tools-for-stm32.13.3.rel1.macos64_1.0.0.202411102158/tools/bin/../lib/gcc/arm-none-eabi/13.3.1/thumb/v7e-m+fp/hard/libgcc.a(_udivmoddi4.o)
                                  0x8 (size before relaxing)
                0x08019f2c                        __exidx_end = .
                0x08019f2c                        . = ALIGN (0x4)

.preinit_array  0x08019f2c        0x0
                0x08019f2c                        . = ALIGN (0x4)
                0x08019f2c                        PROVIDE (__preinit_array_start = .)
 *(.preinit_array*)
                0x08019f2c                        PROVIDE (__preinit_array_end = .)
                0x08019f2c                        . = ALIGN (0x4)

.init_array     0x08019f2c        0x4
                0x08019f2c                        . = ALIGN (0x4)
                0x08019f2c                        PROVIDE (__init_array_start = .)
 *(SORT_BY_NAME(.init_array.*))
 *(.init_array*)
 .init_array    0x08019f2c        0x4 /Applications/STM32CubeIDE.app/Contents/Eclipse/plugins/com.st.stm32cube.ide.mcu.externaltools.gnu-tools-for-stm32.13.3.rel1.macos64_1.0.0.202411102158/tools/bin/../lib/gcc/arm-none-eabi/13.3.1/thumb/v7e-m+fp/hard/crtbegin.o
                0x08019f30                        PROVIDE (__init_array_end = .)
                0x08019f30                        . = ALIGN (0x4)

.fini_array     0x08019f30        0x4
                0x08019f30                        . = ALIGN (0x4)
                [!provide]                        PROVIDE (__fini_array_start = .)
 *(SORT_BY_NAME(.fini_array.*))
 *(.fini_array*)
 .fini_array    0x08019f30        0x4 /Applications/STM32CubeIDE.app/Contents/Eclipse/plugins/com.st.stm32cube.ide.mcu.externaltools.gnu-tools-for-stm32.13.3.rel1.macos64_1.0.0.202411102158/tools/bin/../lib/gcc/arm-none-eabi/13.3.1/thumb/v7e-m+fp/hard/crtbegin.o
                [!provide]                        PROVIDE (__fini_array_end = .)
                0x08019f34                        . = ALIGN (0x4)
                0x08019f34                        _sidata = LOADADDR (.data)

.rel.dyn        0x08019f34        0x0
 .rel.iplt      0x08019f34        0x0 /Applications/STM32CubeIDE.app/Contents/Eclipse/plugins/com.st.stm32cube.ide.mcu.externaltools.gnu-tools-for-stm32.13.3.rel1.macos64_1.0.0.202411102158/tools/bin/../lib/gcc/arm-none-eabi/13.3.1/thumb/v7e-m+fp/hard/crtbegin.o

.data           0x20000000      0x1c0 load address 0x08019f34
                0x20000000                        . = ALIGN (0x4)
                0x20000000                        _sdata = .
 *(.data)
 *(.data*)
 .data.Init_bitmap_allArray
                0x20000000       0x34 ./Core/Src/oled.o
                0x20000000                Init_bitmap_allArray
 .data.kirby_bitmap_allArray
                0x20000034       0x80 ./Core/Src/oled.o
                0x20000034                kirby_bitmap_allArray
 .data.scared_cat_bitmap_allArray
                0x200000b4       0x64 ./Core/Src/oled.o
                0x200000b4                scared_cat_bitmap_allArray
 .data.brightnessLevel
                0x20000118        0x1 ./Core/Src/oled.o
                0x20000118                brightnessLevel
 *fill*         0x20000119        0x3 
 .data.mainMenuItems
                0x2000011c       0x14 ./Core/Src/oled.o
                0x2000011c                mainMenuItems
 .data.settingsMenuItems
                0x20000130        0xc ./Core/Src/oled.o
                0x20000130                settingsMenuItems
 .data.modeMenuItems
                0x2000013c        0xc ./Core/Src/oled.o
                0x2000013c                modeMenuItems
 .data.AnimMenuItems
                0x20000148       0x1c ./Core/Src/oled.o
                0x20000148                AnimMenuItems
 .data.SystemCoreClock
                0x20000164        0x4 ./Core/Src/system_stm32l4xx.o
                0x20000164                SystemCoreClock
 .data.uwTickPrio
                0x20000168        0x4 ./Drivers/STM32L4xx_HAL_Driver/Src/stm32l4xx_hal.o
                0x20000168                uwTickPrio
 .data.uwTickFreq
                0x2000016c        0x1 ./Drivers/STM32L4xx_HAL_Driver/Src/stm32l4xx_hal.o
                0x2000016c                uwTickFreq
 *fill*         0x2000016d        0x3 
 .data._impure_ptr
                0x20000170        0x4 /Applications/STM32CubeIDE.app/Contents/Eclipse/plugins/com.st.stm32cube.ide.mcu.externaltools.gnu-tools-for-stm32.13.3.rel1.macos64_1.0.0.202411102158/tools/bin/../lib/gcc/arm-none-eabi/13.3.1/../../../../arm-none-eabi/lib/thumb/v7e-m+fp/hard/libc_nano.a(libc_a-impure.o)
                0x20000170                _impure_ptr
 .data._impure_data
                0x20000174       0x4c /Applications/STM32CubeIDE.app/Contents/Eclipse/plugins/com.st.stm32cube.ide.mcu.externaltools.gnu-tools-for-stm32.13.3.rel1.macos64_1.0.0.202411102158/tools/bin/../lib/gcc/arm-none-eabi/13.3.1/../../../../arm-none-eabi/lib/thumb/v7e-m+fp/hard/libc_nano.a(libc_a-impure.o)
                0x20000174                _impure_data
 *(.RamFunc)
 *(.RamFunc*)
                0x200001c0                        . = ALIGN (0x4)
                0x200001c0                        _edata = .

.igot.plt       0x200001c0        0x0 load address 0x0801a0f4
 .igot.plt      0x200001c0        0x0 /Applications/STM32CubeIDE.app/Contents/Eclipse/plugins/com.st.stm32cube.ide.mcu.externaltools.gnu-tools-for-stm32.13.3.rel1.macos64_1.0.0.202411102158/tools/bin/../lib/gcc/arm-none-eabi/13.3.1/thumb/v7e-m+fp/hard/crtbegin.o
                0x200001c0                        . = ALIGN (0x4)

.bss            0x200001c0      0x674 load address 0x0801a0f4
                0x200001c0                        _sbss = .
                0x200001c0                        __bss_start__ = _sbss
 *(.bss)
 .bss           0x200001c0       0x1c /Applications/STM32CubeIDE.app/Contents/Eclipse/plugins/com.st.stm32cube.ide.mcu.externaltools.gnu-tools-for-stm32.13.3.rel1.macos64_1.0.0.202411102158/tools/bin/../lib/gcc/arm-none-eabi/13.3.1/thumb/v7e-m+fp/hard/crtbegin.o
 *(.bss*)
 .bss.hi2c1     0x200001dc       0x54 ./Core/Src/i2c.o
                0x200001dc                hi2c1
 .bss.Flags     0x20000230        0x4 ./Core/Src/oled.o
                0x20000230                Flags
 .bss.InitFrame
                0x20000234        0x1 ./Core/Src/oled.o
                0x20000234                InitFrame
 *fill*         0x20000235        0x3 
 .bss.lastUpdateInit
                0x20000238        0x4 ./Core/Src/oled.o
                0x20000238                lastUpdateInit
 .bss.kirbyFrame
                0x2000023c        0x1 ./Core/Src/oled.o
                0x2000023c                kirbyFrame
 *fill*         0x2000023d        0x3 
 .bss.lastUpdateKirby
                0x20000240        0x4 ./Core/Src/oled.o
                0x20000240                lastUpdateKirby
 .bss.catFrame  0x20000244        0x1 ./Core/Src/oled.o
                0x20000244                catFrame
 *fill*         0x20000245        0x3 
 .bss.lastUpdateCat
                0x20000248        0x4 ./Core/Src/oled.o
                0x20000248                lastUpdateCat
 .bss.currentMenu
                0x2000024c        0x1 ./Core/Src/oled.o
                0x2000024c                currentMenu
 .bss.cursorIndex
                0x2000024d        0x1 ./Core/Src/oled.o
                0x2000024d                cursorIndex
 .bss.topIndex  0x2000024e        0x1 ./Core/Src/oled.o
                0x2000024e                topIndex
 *fill*         0x2000024f        0x1 
 .bss.lastButtonPress
                0x20000250        0x4 ./Core/Src/oled.o
                0x20000250                lastButtonPress
 .bss.__sbrk_heap_end
                0x20000254        0x4 ./Core/Src/sysmem.o
 .bss.huart2    0x20000258       0x88 ./Core/Src/usart.o
                0x20000258                huart2
 .bss.SSD1306_Buffer
                0x200002e0      0x400 ./Drivers/OLED/ssd1306.o
 .bss.SSD1306   0x200006e0        0x6 ./Drivers/OLED/ssd1306.o
 *fill*         0x200006e6        0x2 
 .bss.uwTick    0x200006e8        0x4 ./Drivers/STM32L4xx_HAL_Driver/Src/stm32l4xx_hal.o
                0x200006e8                uwTick
 .bss.__sf      0x200006ec      0x138 /Applications/STM32CubeIDE.app/Contents/Eclipse/plugins/com.st.stm32cube.ide.mcu.externaltools.gnu-tools-for-stm32.13.3.rel1.macos64_1.0.0.202411102158/tools/bin/../lib/gcc/arm-none-eabi/13.3.1/../../../../arm-none-eabi/lib/thumb/v7e-m+fp/hard/libc_nano.a(libc_a-findfp.o)
                0x200006ec                __sf
 .bss.__lock___malloc_recursive_mutex
                0x20000824        0x1 /Applications/STM32CubeIDE.app/Contents/Eclipse/plugins/com.st.stm32cube.ide.mcu.externaltools.gnu-tools-for-stm32.13.3.rel1.macos64_1.0.0.202411102158/tools/bin/../lib/gcc/arm-none-eabi/13.3.1/../../../../arm-none-eabi/lib/thumb/v7e-m+fp/hard/libc_nano.a(libc_a-lock.o)
                0x20000824                __lock___malloc_recursive_mutex
 *fill*         0x20000825        0x3 
 .bss.__malloc_sbrk_start
                0x20000828        0x4 /Applications/STM32CubeIDE.app/Contents/Eclipse/plugins/com.st.stm32cube.ide.mcu.externaltools.gnu-tools-for-stm32.13.3.rel1.macos64_1.0.0.202411102158/tools/bin/../lib/gcc/arm-none-eabi/13.3.1/../../../../arm-none-eabi/lib/thumb/v7e-m+fp/hard/libc_nano.a(libc_a-mallocr.o)
                0x20000828                __malloc_sbrk_start
 .bss.__malloc_free_list
                0x2000082c        0x4 /Applications/STM32CubeIDE.app/Contents/Eclipse/plugins/com.st.stm32cube.ide.mcu.externaltools.gnu-tools-for-stm32.13.3.rel1.macos64_1.0.0.202411102158/tools/bin/../lib/gcc/arm-none-eabi/13.3.1/../../../../arm-none-eabi/lib/thumb/v7e-m+fp/hard/libc_nano.a(libc_a-mallocr.o)
                0x2000082c                __malloc_free_list
 .bss.errno     0x20000830        0x4 /Applications/STM32CubeIDE.app/Contents/Eclipse/plugins/com.st.stm32cube.ide.mcu.externaltools.gnu-tools-for-stm32.13.3.rel1.macos64_1.0.0.202411102158/tools/bin/../lib/gcc/arm-none-eabi/13.3.1/../../../../arm-none-eabi/lib/thumb/v7e-m+fp/hard/libc_nano.a(libc_a-reent.o)
                0x20000830                errno
 *(COMMON)
                0x20000834                        . = ALIGN (0x4)
                0x20000834                        _ebss = .
                0x20000834                        __bss_end__ = _ebss

._user_heap_stack
                0x20000834      0x604 load address 0x0801a0f4
                0x20000838                        . = ALIGN (0x8)
 *fill*         0x20000834        0x4 
                [!provide]                        PROVIDE (end = .)
                0x20000838                        PROVIDE (_end = .)
                0x20000a38                        . = (. + _Min_Heap_Size)
 *fill*         0x20000838      0x200 
                0x20000e38                        . = (. + _Min_Stack_Size)
 *fill*         0x20000a38      0x400 
                0x20000e38                        . = ALIGN (0x8)

/DISCARD/
 libc.a(*)
 libm.a(*)
 libgcc.a(*)

.ARM.attributes
                0x00000000       0x30
 *(.ARM.attributes)
 .ARM.attributes
                0x00000000       0x22 /Applications/STM32CubeIDE.app/Contents/Eclipse/plugins/com.st.stm32cube.ide.mcu.externaltools.gnu-tools-for-stm32.13.3.rel1.macos64_1.0.0.202411102158/tools/bin/../lib/gcc/arm-none-eabi/13.3.1/thumb/v7e-m+fp/hard/crti.o
 .ARM.attributes
                0x00000022       0x34 /Applications/STM32CubeIDE.app/Contents/Eclipse/plugins/com.st.stm32cube.ide.mcu.externaltools.gnu-tools-for-stm32.13.3.rel1.macos64_1.0.0.202411102158/tools/bin/../lib/gcc/arm-none-eabi/13.3.1/thumb/v7e-m+fp/hard/crtbegin.o
 .ARM.attributes
                0x00000056       0x34 ./Core/Src/gpio.o
 .ARM.attributes
                0x0000008a       0x34 ./Core/Src/i2c.o
 .ARM.attributes
                0x000000be       0x34 ./Core/Src/main.o
 .ARM.attributes
                0x000000f2       0x34 ./Core/Src/oled.o
 .ARM.attributes
                0x00000126       0x34 ./Core/Src/stm32l4xx_hal_msp.o
 .ARM.attributes
                0x0000015a       0x34 ./Core/Src/stm32l4xx_it.o
 .ARM.attributes
                0x0000018e       0x34 ./Core/Src/sysmem.o
 .ARM.attributes
                0x000001c2       0x34 ./Core/Src/system_stm32l4xx.o
 .ARM.attributes
                0x000001f6       0x34 ./Core/Src/usart.o
 .ARM.attributes
                0x0000022a       0x21 ./Core/Startup/startup_stm32l476rgtx.o
 .ARM.attributes
                0x0000024b       0x34 ./Drivers/OLED/ssd1306.o
 .ARM.attributes
                0x0000027f       0x34 ./Drivers/OLED/ssd1306_fonts.o
 .ARM.attributes
                0x000002b3       0x34 ./Drivers/STM32L4xx_HAL_Driver/Src/stm32l4xx_hal.o
 .ARM.attributes
                0x000002e7       0x34 ./Drivers/STM32L4xx_HAL_Driver/Src/stm32l4xx_hal_cortex.o
 .ARM.attributes
                0x0000031b       0x34 ./Drivers/STM32L4xx_HAL_Driver/Src/stm32l4xx_hal_gpio.o
 .ARM.attributes
                0x0000034f       0x34 ./Drivers/STM32L4xx_HAL_Driver/Src/stm32l4xx_hal_i2c.o
 .ARM.attributes
                0x00000383       0x34 ./Drivers/STM32L4xx_HAL_Driver/Src/stm32l4xx_hal_i2c_ex.o
 .ARM.attributes
                0x000003b7       0x34 ./Drivers/STM32L4xx_HAL_Driver/Src/stm32l4xx_hal_pwr_ex.o
 .ARM.attributes
                0x000003eb       0x34 ./Drivers/STM32L4xx_HAL_Driver/Src/stm32l4xx_hal_rcc.o
 .ARM.attributes
                0x0000041f       0x34 ./Drivers/STM32L4xx_HAL_Driver/Src/stm32l4xx_hal_rcc_ex.o
 .ARM.attributes
                0x00000453       0x34 ./Drivers/STM32L4xx_HAL_Driver/Src/stm32l4xx_hal_uart.o
 .ARM.attributes
                0x00000487       0x34 /Applications/STM32CubeIDE.app/Contents/Eclipse/plugins/com.st.stm32cube.ide.mcu.externaltools.gnu-tools-for-stm32.13.3.rel1.macos64_1.0.0.202411102158/tools/bin/../lib/gcc/arm-none-eabi/13.3.1/../../../../arm-none-eabi/lib/thumb/v7e-m+fp/hard/libc_nano.a(libc_a-snprintf.o)
 .ARM.attributes
                0x000004bb       0x34 /Applications/STM32CubeIDE.app/Contents/Eclipse/plugins/com.st.stm32cube.ide.mcu.externaltools.gnu-tools-for-stm32.13.3.rel1.macos64_1.0.0.202411102158/tools/bin/../lib/gcc/arm-none-eabi/13.3.1/../../../../arm-none-eabi/lib/thumb/v7e-m+fp/hard/libc_nano.a(libc_a-findfp.o)
 .ARM.attributes
                0x000004ef       0x34 /Applications/STM32CubeIDE.app/Contents/Eclipse/plugins/com.st.stm32cube.ide.mcu.externaltools.gnu-tools-for-stm32.13.3.rel1.macos64_1.0.0.202411102158/tools/bin/../lib/gcc/arm-none-eabi/13.3.1/../../../../arm-none-eabi/lib/thumb/v7e-m+fp/hard/libc_nano.a(libc_a-memmove.o)
 .ARM.attributes
                0x00000523       0x34 /Applications/STM32CubeIDE.app/Contents/Eclipse/plugins/com.st.stm32cube.ide.mcu.externaltools.gnu-tools-for-stm32.13.3.rel1.macos64_1.0.0.202411102158/tools/bin/../lib/gcc/arm-none-eabi/13.3.1/../../../../arm-none-eabi/lib/thumb/v7e-m+fp/hard/libc_nano.a(libc_a-memset.o)
 .ARM.attributes
                0x00000557       0x34 /Applications/STM32CubeIDE.app/Contents/Eclipse/plugins/com.st.stm32cube.ide.mcu.externaltools.gnu-tools-for-stm32.13.3.rel1.macos64_1.0.0.202411102158/tools/bin/../lib/gcc/arm-none-eabi/13.3.1/../../../../arm-none-eabi/lib/thumb/v7e-m+fp/hard/libc_nano.a(libc_a-errno.o)
 .ARM.attributes
                0x0000058b       0x34 /Applications/STM32CubeIDE.app/Contents/Eclipse/plugins/com.st.stm32cube.ide.mcu.externaltools.gnu-tools-for-stm32.13.3.rel1.macos64_1.0.0.202411102158/tools/bin/../lib/gcc/arm-none-eabi/13.3.1/../../../../arm-none-eabi/lib/thumb/v7e-m+fp/hard/libc_nano.a(libc_a-init.o)
 .ARM.attributes
                0x000005bf       0x34 /Applications/STM32CubeIDE.app/Contents/Eclipse/plugins/com.st.stm32cube.ide.mcu.externaltools.gnu-tools-for-stm32.13.3.rel1.macos64_1.0.0.202411102158/tools/bin/../lib/gcc/arm-none-eabi/13.3.1/../../../../arm-none-eabi/lib/thumb/v7e-m+fp/hard/libc_nano.a(libc_a-lock.o)
 .ARM.attributes
                0x000005f3       0x34 /Applications/STM32CubeIDE.app/Contents/Eclipse/plugins/com.st.stm32cube.ide.mcu.externaltools.gnu-tools-for-stm32.13.3.rel1.macos64_1.0.0.202411102158/tools/bin/../lib/gcc/arm-none-eabi/13.3.1/../../../../arm-none-eabi/lib/thumb/v7e-m+fp/hard/libc_nano.a(libc_a-impure.o)
 .ARM.attributes
                0x00000627       0x34 /Applications/STM32CubeIDE.app/Contents/Eclipse/plugins/com.st.stm32cube.ide.mcu.externaltools.gnu-tools-for-stm32.13.3.rel1.macos64_1.0.0.202411102158/tools/bin/../lib/gcc/arm-none-eabi/13.3.1/../../../../arm-none-eabi/lib/thumb/v7e-m+fp/hard/libc_nano.a(libc_a-memcpy-stub.o)
 .ARM.attributes
                0x0000065b       0x34 /Applications/STM32CubeIDE.app/Contents/Eclipse/plugins/com.st.stm32cube.ide.mcu.externaltools.gnu-tools-for-stm32.13.3.rel1.macos64_1.0.0.202411102158/tools/bin/../lib/gcc/arm-none-eabi/13.3.1/../../../../arm-none-eabi/lib/thumb/v7e-m+fp/hard/libc_nano.a(libc_a-nano-svfprintf.o)
 .ARM.attributes
                0x0000068f       0x34 /Applications/STM32CubeIDE.app/Contents/Eclipse/plugins/com.st.stm32cube.ide.mcu.externaltools.gnu-tools-for-stm32.13.3.rel1.macos64_1.0.0.202411102158/tools/bin/../lib/gcc/arm-none-eabi/13.3.1/../../../../arm-none-eabi/lib/thumb/v7e-m+fp/hard/libc_nano.a(libc_a-mallocr.o)
 .ARM.attributes
                0x000006c3       0x34 /Applications/STM32CubeIDE.app/Contents/Eclipse/plugins/com.st.stm32cube.ide.mcu.externaltools.gnu-tools-for-stm32.13.3.rel1.macos64_1.0.0.202411102158/tools/bin/../lib/gcc/arm-none-eabi/13.3.1/../../../../arm-none-eabi/lib/thumb/v7e-m+fp/hard/libc_nano.a(libc_a-nano-vfprintf_i.o)
 .ARM.attributes
                0x000006f7       0x34 /Applications/STM32CubeIDE.app/Contents/Eclipse/plugins/com.st.stm32cube.ide.mcu.externaltools.gnu-tools-for-stm32.13.3.rel1.macos64_1.0.0.202411102158/tools/bin/../lib/gcc/arm-none-eabi/13.3.1/../../../../arm-none-eabi/lib/thumb/v7e-m+fp/hard/libc_nano.a(libc_a-mlock.o)
 .ARM.attributes
                0x0000072b       0x34 /Applications/STM32CubeIDE.app/Contents/Eclipse/plugins/com.st.stm32cube.ide.mcu.externaltools.gnu-tools-for-stm32.13.3.rel1.macos64_1.0.0.202411102158/tools/bin/../lib/gcc/arm-none-eabi/13.3.1/../../../../arm-none-eabi/lib/thumb/v7e-m+fp/hard/libc_nano.a(libc_a-reallocr.o)
 .ARM.attributes
                0x0000075f       0x34 /Applications/STM32CubeIDE.app/Contents/Eclipse/plugins/com.st.stm32cube.ide.mcu.externaltools.gnu-tools-for-stm32.13.3.rel1.macos64_1.0.0.202411102158/tools/bin/../lib/gcc/arm-none-eabi/13.3.1/../../../../arm-none-eabi/lib/thumb/v7e-m+fp/hard/libc_nano.a(libc_a-sbrkr.o)
 .ARM.attributes
                0x00000793       0x34 /Applications/STM32CubeIDE.app/Contents/Eclipse/plugins/com.st.stm32cube.ide.mcu.externaltools.gnu-tools-for-stm32.13.3.rel1.macos64_1.0.0.202411102158/tools/bin/../lib/gcc/arm-none-eabi/13.3.1/../../../../arm-none-eabi/lib/thumb/v7e-m+fp/hard/libc_nano.a(libc_a-reent.o)
 .ARM.attributes
                0x000007c7       0x1c /Applications/STM32CubeIDE.app/Contents/Eclipse/plugins/com.st.stm32cube.ide.mcu.externaltools.gnu-tools-for-stm32.13.3.rel1.macos64_1.0.0.202411102158/tools/bin/../lib/gcc/arm-none-eabi/13.3.1/../../../../arm-none-eabi/lib/thumb/v7e-m+fp/hard/libc_nano.a(libc_a-memchr.o)
 .ARM.attributes
                0x000007e3       0x34 /Applications/STM32CubeIDE.app/Contents/Eclipse/plugins/com.st.stm32cube.ide.mcu.externaltools.gnu-tools-for-stm32.13.3.rel1.macos64_1.0.0.202411102158/tools/bin/../lib/gcc/arm-none-eabi/13.3.1/../../../../arm-none-eabi/lib/thumb/v7e-m+fp/hard/libc_nano.a(libc_a-freer.o)
 .ARM.attributes
                0x00000817       0x34 /Applications/STM32CubeIDE.app/Contents/Eclipse/plugins/com.st.stm32cube.ide.mcu.externaltools.gnu-tools-for-stm32.13.3.rel1.macos64_1.0.0.202411102158/tools/bin/../lib/gcc/arm-none-eabi/13.3.1/../../../../arm-none-eabi/lib/thumb/v7e-m+fp/hard/libc_nano.a(libc_a-msizer.o)
 .ARM.attributes
                0x0000084b       0x22 /Applications/STM32CubeIDE.app/Contents/Eclipse/plugins/com.st.stm32cube.ide.mcu.externaltools.gnu-tools-for-stm32.13.3.rel1.macos64_1.0.0.202411102158/tools/bin/../lib/gcc/arm-none-eabi/13.3.1/thumb/v7e-m+fp/hard/libgcc.a(_aeabi_uldivmod.o)
 .ARM.attributes
                0x0000086d       0x34 /Applications/STM32CubeIDE.app/Contents/Eclipse/plugins/com.st.stm32cube.ide.mcu.externaltools.gnu-tools-for-stm32.13.3.rel1.macos64_1.0.0.202411102158/tools/bin/../lib/gcc/arm-none-eabi/13.3.1/thumb/v7e-m+fp/hard/libgcc.a(_udivmoddi4.o)
 .ARM.attributes
                0x000008a1       0x22 /Applications/STM32CubeIDE.app/Contents/Eclipse/plugins/com.st.stm32cube.ide.mcu.externaltools.gnu-tools-for-stm32.13.3.rel1.macos64_1.0.0.202411102158/tools/bin/../lib/gcc/arm-none-eabi/13.3.1/thumb/v7e-m+fp/hard/libgcc.a(_dvmd_tls.o)
 .ARM.attributes
                0x000008c3       0x22 /Applications/STM32CubeIDE.app/Contents/Eclipse/plugins/com.st.stm32cube.ide.mcu.externaltools.gnu-tools-for-stm32.13.3.rel1.macos64_1.0.0.202411102158/tools/bin/../lib/gcc/arm-none-eabi/13.3.1/thumb/v7e-m+fp/hard/crtn.o
OUTPUT(ScreenOLED.elf elf32-littlearm)
LOAD linker stubs
LOAD /Applications/STM32CubeIDE.app/Contents/Eclipse/plugins/com.st.stm32cube.ide.mcu.externaltools.gnu-tools-for-stm32.13.3.rel1.macos64_1.0.0.202411102158/tools/bin/../lib/gcc/arm-none-eabi/13.3.1/../../../../arm-none-eabi/lib/thumb/v7e-m+fp/hard/libc.a
LOAD /Applications/STM32CubeIDE.app/Contents/Eclipse/plugins/com.st.stm32cube.ide.mcu.externaltools.gnu-tools-for-stm32.13.3.rel1.macos64_1.0.0.202411102158/tools/bin/../lib/gcc/arm-none-eabi/13.3.1/../../../../arm-none-eabi/lib/thumb/v7e-m+fp/hard/libm.a
LOAD /Applications/STM32CubeIDE.app/Contents/Eclipse/plugins/com.st.stm32cube.ide.mcu.externaltools.gnu-tools-for-stm32.13.3.rel1.macos64_1.0.0.202411102158/tools/bin/../lib/gcc/arm-none-eabi/13.3.1/thumb/v7e-m+fp/hard/libgcc.a

.debug_info     0x00000000     0xfe63
 .debug_info    0x00000000      0x6f2 ./Core/Src/gpio.o
 .debug_info    0x000006f2      0xcb0 ./Core/Src/i2c.o
 .debug_info    0x000013a2      0x46b ./Core/Src/main.o
 .debug_info    0x0000180d      0xe7e ./Core/Src/oled.o
 .debug_info    0x0000268b      0x2b9 ./Core/Src/stm32l4xx_hal_msp.o
 .debug_info    0x00002944      0x14c ./Core/Src/stm32l4xx_it.o
 .debug_info    0x00002a90      0x168 ./Core/Src/sysmem.o
 .debug_info    0x00002bf8      0x5b1 ./Core/Src/system_stm32l4xx.o
 .debug_info    0x000031a9      0xd1b ./Core/Src/usart.o
 .debug_info    0x00003ec4       0x30 ./Core/Startup/startup_stm32l476rgtx.o
 .debug_info    0x00003ef4     0x1277 ./Drivers/OLED/ssd1306.o
 .debug_info    0x0000516b      0x2a4 ./Drivers/OLED/ssd1306_fonts.o
 .debug_info    0x0000540f      0xc09 ./Drivers/STM32L4xx_HAL_Driver/Src/stm32l4xx_hal.o
 .debug_info    0x00006018      0xd81 ./Drivers/STM32L4xx_HAL_Driver/Src/stm32l4xx_hal_cortex.o
 .debug_info    0x00006d99      0x757 ./Drivers/STM32L4xx_HAL_Driver/Src/stm32l4xx_hal_gpio.o
 .debug_info    0x000074f0     0x20d2 ./Drivers/STM32L4xx_HAL_Driver/Src/stm32l4xx_hal_i2c.o
 .debug_info    0x000095c2      0x975 ./Drivers/STM32L4xx_HAL_Driver/Src/stm32l4xx_hal_i2c_ex.o
 .debug_info    0x00009f37      0x99e ./Drivers/STM32L4xx_HAL_Driver/Src/stm32l4xx_hal_pwr_ex.o
 .debug_info    0x0000a8d5      0xc14 ./Drivers/STM32L4xx_HAL_Driver/Src/stm32l4xx_hal_rcc.o
 .debug_info    0x0000b4e9      0xe11 ./Drivers/STM32L4xx_HAL_Driver/Src/stm32l4xx_hal_rcc_ex.o
 .debug_info    0x0000c2fa     0x3b69 ./Drivers/STM32L4xx_HAL_Driver/Src/stm32l4xx_hal_uart.o

.debug_abbrev   0x00000000     0x2703
 .debug_abbrev  0x00000000      0x15b ./Core/Src/gpio.o
 .debug_abbrev  0x0000015b      0x212 ./Core/Src/i2c.o
 .debug_abbrev  0x0000036d      0x1c0 ./Core/Src/main.o
 .debug_abbrev  0x0000052d      0x2c7 ./Core/Src/oled.o
 .debug_abbrev  0x000007f4       0xc6 ./Core/Src/stm32l4xx_hal_msp.o
 .debug_abbrev  0x000008ba       0xa0 ./Core/Src/stm32l4xx_it.o
 .debug_abbrev  0x0000095a       0xbc ./Core/Src/sysmem.o
 .debug_abbrev  0x00000a16      0x11a ./Core/Src/system_stm32l4xx.o
 .debug_abbrev  0x00000b30      0x1f5 ./Core/Src/usart.o
 .debug_abbrev  0x00000d25       0x24 ./Core/Startup/startup_stm32l476rgtx.o
 .debug_abbrev  0x00000d49      0x363 ./Drivers/OLED/ssd1306.o
 .debug_abbrev  0x000010ac       0xcf ./Drivers/OLED/ssd1306_fonts.o
 .debug_abbrev  0x0000117b      0x243 ./Drivers/STM32L4xx_HAL_Driver/Src/stm32l4xx_hal.o
 .debug_abbrev  0x000013be      0x31c ./Drivers/STM32L4xx_HAL_Driver/Src/stm32l4xx_hal_cortex.o
 .debug_abbrev  0x000016da      0x1cb ./Drivers/STM32L4xx_HAL_Driver/Src/stm32l4xx_hal_gpio.o
 .debug_abbrev  0x000018a5      0x261 ./Drivers/STM32L4xx_HAL_Driver/Src/stm32l4xx_hal_i2c.o
 .debug_abbrev  0x00001b06      0x1c3 ./Drivers/STM32L4xx_HAL_Driver/Src/stm32l4xx_hal_i2c_ex.o
 .debug_abbrev  0x00001cc9      0x1f9 ./Drivers/STM32L4xx_HAL_Driver/Src/stm32l4xx_hal_pwr_ex.o
 .debug_abbrev  0x00001ec2      0x2cb ./Drivers/STM32L4xx_HAL_Driver/Src/stm32l4xx_hal_rcc.o
 .debug_abbrev  0x0000218d      0x2a6 ./Drivers/STM32L4xx_HAL_Driver/Src/stm32l4xx_hal_rcc_ex.o
 .debug_abbrev  0x00002433      0x2d0 ./Drivers/STM32L4xx_HAL_Driver/Src/stm32l4xx_hal_uart.o

.debug_aranges  0x00000000      0xdb8
 .debug_aranges
                0x00000000       0x20 ./Core/Src/gpio.o
 .debug_aranges
                0x00000020       0x30 ./Core/Src/i2c.o
 .debug_aranges
                0x00000050       0x30 ./Core/Src/main.o
 .debug_aranges
                0x00000080       0xa0 ./Core/Src/oled.o
 .debug_aranges
                0x00000120       0x20 ./Core/Src/stm32l4xx_hal_msp.o
 .debug_aranges
                0x00000140       0x68 ./Core/Src/stm32l4xx_it.o
 .debug_aranges
                0x000001a8       0x20 ./Core/Src/sysmem.o
 .debug_aranges
                0x000001c8       0x28 ./Core/Src/system_stm32l4xx.o
 .debug_aranges
                0x000001f0       0x30 ./Core/Src/usart.o
 .debug_aranges
                0x00000220       0x28 ./Core/Startup/startup_stm32l476rgtx.o
 .debug_aranges
                0x00000248       0xe8 ./Drivers/OLED/ssd1306.o
 .debug_aranges
                0x00000330       0x18 ./Drivers/OLED/ssd1306_fonts.o
 .debug_aranges
                0x00000348      0x130 ./Drivers/STM32L4xx_HAL_Driver/Src/stm32l4xx_hal.o
 .debug_aranges
                0x00000478      0x128 ./Drivers/STM32L4xx_HAL_Driver/Src/stm32l4xx_hal_cortex.o
 .debug_aranges
                0x000005a0       0x58 ./Drivers/STM32L4xx_HAL_Driver/Src/stm32l4xx_hal_gpio.o
 .debug_aranges
                0x000005f8      0x2a0 ./Drivers/STM32L4xx_HAL_Driver/Src/stm32l4xx_hal_i2c.o
 .debug_aranges
                0x00000898       0x48 ./Drivers/STM32L4xx_HAL_Driver/Src/stm32l4xx_hal_i2c_ex.o
 .debug_aranges
                0x000008e0      0x160 ./Drivers/STM32L4xx_HAL_Driver/Src/stm32l4xx_hal_pwr_ex.o
 .debug_aranges
                0x00000a40       0x90 ./Drivers/STM32L4xx_HAL_Driver/Src/stm32l4xx_hal_rcc.o
 .debug_aranges
                0x00000ad0       0xc0 ./Drivers/STM32L4xx_HAL_Driver/Src/stm32l4xx_hal_rcc_ex.o
 .debug_aranges
                0x00000b90      0x228 ./Drivers/STM32L4xx_HAL_Driver/Src/stm32l4xx_hal_uart.o

.debug_rnglists
                0x00000000      0xa9c
 .debug_rnglists
                0x00000000       0x14 ./Core/Src/gpio.o
 .debug_rnglists
                0x00000014       0x21 ./Core/Src/i2c.o
 .debug_rnglists
                0x00000035       0x20 ./Core/Src/main.o
 .debug_rnglists
                0x00000055       0x96 ./Core/Src/oled.o
 .debug_rnglists
                0x000000eb       0x13 ./Core/Src/stm32l4xx_hal_msp.o
 .debug_rnglists
                0x000000fe       0x49 ./Core/Src/stm32l4xx_it.o
 .debug_rnglists
                0x00000147       0x13 ./Core/Src/sysmem.o
 .debug_rnglists
                0x0000015a       0x1a ./Core/Src/system_stm32l4xx.o
 .debug_rnglists
                0x00000174       0x20 ./Core/Src/usart.o
 .debug_rnglists
                0x00000194       0x19 ./Core/Startup/startup_stm32l476rgtx.o
 .debug_rnglists
                0x000001ad       0xb4 ./Drivers/OLED/ssd1306.o
 .debug_rnglists
                0x00000261       0xdf ./Drivers/STM32L4xx_HAL_Driver/Src/stm32l4xx_hal.o
 .debug_rnglists
                0x00000340       0xda ./Drivers/STM32L4xx_HAL_Driver/Src/stm32l4xx_hal_cortex.o
 .debug_rnglists
                0x0000041a       0x3f ./Drivers/STM32L4xx_HAL_Driver/Src/stm32l4xx_hal_gpio.o
 .debug_rnglists
                0x00000459      0x228 ./Drivers/STM32L4xx_HAL_Driver/Src/stm32l4xx_hal_i2c.o
 .debug_rnglists
                0x00000681       0x35 ./Drivers/STM32L4xx_HAL_Driver/Src/stm32l4xx_hal_i2c_ex.o
 .debug_rnglists
                0x000006b6      0x109 ./Drivers/STM32L4xx_HAL_Driver/Src/stm32l4xx_hal_pwr_ex.o
 .debug_rnglists
                0x000007bf       0x6d ./Drivers/STM32L4xx_HAL_Driver/Src/stm32l4xx_hal_rcc.o
 .debug_rnglists
                0x0000082c       0x95 ./Drivers/STM32L4xx_HAL_Driver/Src/stm32l4xx_hal_rcc_ex.o
 .debug_rnglists
                0x000008c1      0x1db ./Drivers/STM32L4xx_HAL_Driver/Src/stm32l4xx_hal_uart.o

.debug_macro    0x00000000    0x27355
 .debug_macro   0x00000000      0x1de ./Core/Src/gpio.o
 .debug_macro   0x000001de      0xad8 ./Core/Src/gpio.o
 .debug_macro   0x00000cb6      0x1a7 ./Core/Src/gpio.o
 .debug_macro   0x00000e5d       0x2e ./Core/Src/gpio.o
 .debug_macro   0x00000e8b       0x28 ./Core/Src/gpio.o
 .debug_macro   0x00000eb3       0x22 ./Core/Src/gpio.o
 .debug_macro   0x00000ed5       0x8e ./Core/Src/gpio.o
 .debug_macro   0x00000f63       0x51 ./Core/Src/gpio.o
 .debug_macro   0x00000fb4      0x103 ./Core/Src/gpio.o
 .debug_macro   0x000010b7       0x6a ./Core/Src/gpio.o
 .debug_macro   0x00001121      0x1df ./Core/Src/gpio.o
 .debug_macro   0x00001300       0x1c ./Core/Src/gpio.o
 .debug_macro   0x0000131c       0x22 ./Core/Src/gpio.o
 .debug_macro   0x0000133e       0xfb ./Core/Src/gpio.o
 .debug_macro   0x00001439     0x1011 ./Core/Src/gpio.o
 .debug_macro   0x0000244a      0x11f ./Core/Src/gpio.o
 .debug_macro   0x00002569    0x1a17a ./Core/Src/gpio.o
 .debug_macro   0x0001c6e3       0x6d ./Core/Src/gpio.o
 .debug_macro   0x0001c750     0x38fb ./Core/Src/gpio.o
 .debug_macro   0x0002004b      0x190 ./Core/Src/gpio.o
 .debug_macro   0x000201db       0x5c ./Core/Src/gpio.o
 .debug_macro   0x00020237     0x159e ./Core/Src/gpio.o
 .debug_macro   0x000217d5      0x5a5 ./Core/Src/gpio.o
 .debug_macro   0x00021d7a      0x1b9 ./Core/Src/gpio.o
 .debug_macro   0x00021f33      0x18b ./Core/Src/gpio.o
 .debug_macro   0x000220be      0x26b ./Core/Src/gpio.o
 .debug_macro   0x00022329      0x23d ./Core/Src/gpio.o
 .debug_macro   0x00022566      0x241 ./Core/Src/gpio.o
 .debug_macro   0x000227a7      0x37c ./Core/Src/gpio.o
 .debug_macro   0x00022b23       0xd6 ./Core/Src/gpio.o
 .debug_macro   0x00022bf9      0x22c ./Core/Src/gpio.o
 .debug_macro   0x00022e25       0x61 ./Core/Src/gpio.o
 .debug_macro   0x00022e86       0xa5 ./Core/Src/gpio.o
 .debug_macro   0x00022f2b      0x122 ./Core/Src/gpio.o
 .debug_macro   0x0002304d      0x3ef ./Core/Src/gpio.o
 .debug_macro   0x0002343c      0x5cf ./Core/Src/gpio.o
 .debug_macro   0x00023a0b       0x44 ./Core/Src/gpio.o
 .debug_macro   0x00023a4f      0x330 ./Core/Src/gpio.o
 .debug_macro   0x00023d7f       0x5e ./Core/Src/gpio.o
 .debug_macro   0x00023ddd      0x1de ./Core/Src/i2c.o
 .debug_macro   0x00023fbb      0x26d ./Core/Src/main.o
 .debug_macro   0x00024228       0x61 ./Core/Src/main.o
 .debug_macro   0x00024289       0x2a ./Core/Src/main.o
 .debug_macro   0x000242b3       0x43 ./Core/Src/main.o
 .debug_macro   0x000242f6       0x34 ./Core/Src/main.o
 .debug_macro   0x0002432a       0x46 ./Core/Src/main.o
 .debug_macro   0x00024370       0x4c ./Core/Src/main.o
 .debug_macro   0x000243bc       0x22 ./Core/Src/main.o
 .debug_macro   0x000243de      0x31a ./Core/Src/oled.o
 .debug_macro   0x000246f8      0x370 ./Core/Src/oled.o
 .debug_macro   0x00024a68       0x16 ./Core/Src/oled.o
 .debug_macro   0x00024a7e       0x4a ./Core/Src/oled.o
 .debug_macro   0x00024ac8       0x34 ./Core/Src/oled.o
 .debug_macro   0x00024afc       0x10 ./Core/Src/oled.o
 .debug_macro   0x00024b0c       0x58 ./Core/Src/oled.o
 .debug_macro   0x00024b64       0x8e ./Core/Src/oled.o
 .debug_macro   0x00024bf2       0x1c ./Core/Src/oled.o
 .debug_macro   0x00024c0e      0x185 ./Core/Src/oled.o
 .debug_macro   0x00024d93       0x10 ./Core/Src/oled.o
 .debug_macro   0x00024da3       0x3c ./Core/Src/oled.o
 .debug_macro   0x00024ddf       0x20 ./Core/Src/oled.o
 .debug_macro   0x00024dff       0x1c ./Core/Src/oled.o
 .debug_macro   0x00024e1b       0x10 ./Core/Src/oled.o
 .debug_macro   0x00024e2b       0x1c ./Core/Src/oled.o
 .debug_macro   0x00024e47       0x16 ./Core/Src/oled.o
 .debug_macro   0x00024e5d      0x146 ./Core/Src/oled.o
 .debug_macro   0x00024fa3       0x28 ./Core/Src/oled.o
 .debug_macro   0x00024fcb       0x56 ./Core/Src/oled.o
 .debug_macro   0x00025021      0x1d4 ./Core/Src/stm32l4xx_hal_msp.o
 .debug_macro   0x000251f5      0x1de ./Core/Src/stm32l4xx_it.o
 .debug_macro   0x000253d3      0x112 ./Core/Src/sysmem.o
 .debug_macro   0x000254e5      0x23c ./Core/Src/sysmem.o
 .debug_macro   0x00025721      0x1c5 ./Core/Src/system_stm32l4xx.o
 .debug_macro   0x000258e6      0x1de ./Core/Src/usart.o
 .debug_macro   0x00025ac4      0x2f0 ./Drivers/OLED/ssd1306.o
 .debug_macro   0x00025db4      0x19b ./Drivers/OLED/ssd1306.o
 .debug_macro   0x00025f4f       0x16 ./Drivers/OLED/ssd1306.o
 .debug_macro   0x00025f65      0x21b ./Drivers/OLED/ssd1306_fonts.o
 .debug_macro   0x00026180      0x213 ./Drivers/STM32L4xx_HAL_Driver/Src/stm32l4xx_hal.o
 .debug_macro   0x00026393      0x1c5 ./Drivers/STM32L4xx_HAL_Driver/Src/stm32l4xx_hal_cortex.o
 .debug_macro   0x00026558      0x1cc ./Drivers/STM32L4xx_HAL_Driver/Src/stm32l4xx_hal_gpio.o
 .debug_macro   0x00026724      0x291 ./Drivers/STM32L4xx_HAL_Driver/Src/stm32l4xx_hal_i2c.o
 .debug_macro   0x000269b5      0x1c5 ./Drivers/STM32L4xx_HAL_Driver/Src/stm32l4xx_hal_i2c_ex.o
 .debug_macro   0x00026b7a      0x1e9 ./Drivers/STM32L4xx_HAL_Driver/Src/stm32l4xx_hal_pwr_ex.o
 .debug_macro   0x00026d63      0x207 ./Drivers/STM32L4xx_HAL_Driver/Src/stm32l4xx_hal_rcc.o
 .debug_macro   0x00026f6a      0x1fb ./Drivers/STM32L4xx_HAL_Driver/Src/stm32l4xx_hal_rcc_ex.o
 .debug_macro   0x00027165      0x1f0 ./Drivers/STM32L4xx_HAL_Driver/Src/stm32l4xx_hal_uart.o

.debug_line     0x00000000    0x12271
 .debug_line    0x00000000      0x708 ./Core/Src/gpio.o
 .debug_line    0x00000708      0x77d ./Core/Src/i2c.o
 .debug_line    0x00000e85      0x918 ./Core/Src/main.o
 .debug_line    0x0000179d      0xe02 ./Core/Src/oled.o
 .debug_line    0x0000259f      0x6dc ./Core/Src/stm32l4xx_hal_msp.o
 .debug_line    0x00002c7b      0x7a3 ./Core/Src/stm32l4xx_it.o
 .debug_line    0x0000341e      0x521 ./Core/Src/sysmem.o
 .debug_line    0x0000393f      0x77a ./Core/Src/system_stm32l4xx.o
 .debug_line    0x000040b9      0x766 ./Core/Src/usart.o
 .debug_line    0x0000481f       0x7a ./Core/Startup/startup_stm32l476rgtx.o
 .debug_line    0x00004899     0x113e ./Drivers/OLED/ssd1306.o
 .debug_line    0x000059d7      0x7db ./Drivers/OLED/ssd1306_fonts.o
 .debug_line    0x000061b2      0xae3 ./Drivers/STM32L4xx_HAL_Driver/Src/stm32l4xx_hal.o
 .debug_line    0x00006c95      0xc7d ./Drivers/STM32L4xx_HAL_Driver/Src/stm32l4xx_hal_cortex.o
 .debug_line    0x00007912      0xb36 ./Drivers/STM32L4xx_HAL_Driver/Src/stm32l4xx_hal_gpio.o
 .debug_line    0x00008448     0x36e3 ./Drivers/STM32L4xx_HAL_Driver/Src/stm32l4xx_hal_i2c.o
 .debug_line    0x0000bb2b      0x842 ./Drivers/STM32L4xx_HAL_Driver/Src/stm32l4xx_hal_i2c_ex.o
 .debug_line    0x0000c36d      0xcc4 ./Drivers/STM32L4xx_HAL_Driver/Src/stm32l4xx_hal_pwr_ex.o
 .debug_line    0x0000d031     0x1037 ./Drivers/STM32L4xx_HAL_Driver/Src/stm32l4xx_hal_rcc.o
 .debug_line    0x0000e068     0x1504 ./Drivers/STM32L4xx_HAL_Driver/Src/stm32l4xx_hal_rcc_ex.o
 .debug_line    0x0000f56c     0x2d05 ./Drivers/STM32L4xx_HAL_Driver/Src/stm32l4xx_hal_uart.o

.debug_str      0x00000000    0xec6cb
 .debug_str     0x00000000    0xec6cb ./Core/Src/gpio.o
                              0xe335b (size before relaxing)
 .debug_str     0x000ec6cb    0xe35e9 ./Core/Src/i2c.o
 .debug_str     0x000ec6cb    0xe3550 ./Core/Src/main.o
 .debug_str     0x000ec6cb    0xe7480 ./Core/Src/oled.o
 .debug_str     0x000ec6cb    0xe2d66 ./Core/Src/stm32l4xx_hal_msp.o
 .debug_str     0x000ec6cb    0xe2ce1 ./Core/Src/stm32l4xx_it.o
 .debug_str     0x000ec6cb     0x777f ./Core/Src/sysmem.o
 .debug_str     0x000ec6cb    0xe2ceb ./Core/Src/system_stm32l4xx.o
 .debug_str     0x000ec6cb    0xe3560 ./Core/Src/usart.o
 .debug_str     0x000ec6cb       0x81 ./Core/Startup/startup_stm32l476rgtx.o
 .debug_str     0x000ec6cb    0xe7146 ./Drivers/OLED/ssd1306.o
 .debug_str     0x000ec6cb    0xe310b ./Drivers/OLED/ssd1306_fonts.o
 .debug_str     0x000ec6cb    0xe38ea ./Drivers/STM32L4xx_HAL_Driver/Src/stm32l4xx_hal.o
 .debug_str     0x000ec6cb    0xe3564 ./Drivers/STM32L4xx_HAL_Driver/Src/stm32l4xx_hal_cortex.o
 .debug_str     0x000ec6cb    0xe2e64 ./Drivers/STM32L4xx_HAL_Driver/Src/stm32l4xx_hal_gpio.o
 .debug_str     0x000ec6cb    0xe3eec ./Drivers/STM32L4xx_HAL_Driver/Src/stm32l4xx_hal_i2c.o
 .debug_str     0x000ec6cb    0xe31f8 ./Drivers/STM32L4xx_HAL_Driver/Src/stm32l4xx_hal_i2c_ex.o
 .debug_str     0x000ec6cb    0xe3246 ./Drivers/STM32L4xx_HAL_Driver/Src/stm32l4xx_hal_pwr_ex.o
 .debug_str     0x000ec6cb    0xe3331 ./Drivers/STM32L4xx_HAL_Driver/Src/stm32l4xx_hal_rcc.o
 .debug_str     0x000ec6cb    0xe34aa ./Drivers/STM32L4xx_HAL_Driver/Src/stm32l4xx_hal_rcc_ex.o
 .debug_str     0x000ec6cb    0xe3a43 ./Drivers/STM32L4xx_HAL_Driver/Src/stm32l4xx_hal_uart.o

.comment        0x00000000       0x43
 .comment       0x00000000       0x43 ./Core/Src/gpio.o
                                 0x44 (size before relaxing)
 .comment       0x00000043       0x44 ./Core/Src/i2c.o
 .comment       0x00000043       0x44 ./Core/Src/main.o
 .comment       0x00000043       0x44 ./Core/Src/oled.o
 .comment       0x00000043       0x44 ./Core/Src/stm32l4xx_hal_msp.o
 .comment       0x00000043       0x44 ./Core/Src/stm32l4xx_it.o
 .comment       0x00000043       0x44 ./Core/Src/sysmem.o
 .comment       0x00000043       0x44 ./Core/Src/system_stm32l4xx.o
 .comment       0x00000043       0x44 ./Core/Src/usart.o
 .comment       0x00000043       0x44 ./Drivers/OLED/ssd1306.o
 .comment       0x00000043       0x44 ./Drivers/OLED/ssd1306_fonts.o
 .comment       0x00000043       0x44 ./Drivers/STM32L4xx_HAL_Driver/Src/stm32l4xx_hal.o
 .comment       0x00000043       0x44 ./Drivers/STM32L4xx_HAL_Driver/Src/stm32l4xx_hal_cortex.o
 .comment       0x00000043       0x44 ./Drivers/STM32L4xx_HAL_Driver/Src/stm32l4xx_hal_gpio.o
 .comment       0x00000043       0x44 ./Drivers/STM32L4xx_HAL_Driver/Src/stm32l4xx_hal_i2c.o
 .comment       0x00000043       0x44 ./Drivers/STM32L4xx_HAL_Driver/Src/stm32l4xx_hal_i2c_ex.o
 .comment       0x00000043       0x44 ./Drivers/STM32L4xx_HAL_Driver/Src/stm32l4xx_hal_pwr_ex.o
 .comment       0x00000043       0x44 ./Drivers/STM32L4xx_HAL_Driver/Src/stm32l4xx_hal_rcc.o
 .comment       0x00000043       0x44 ./Drivers/STM32L4xx_HAL_Driver/Src/stm32l4xx_hal_rcc_ex.o
 .comment       0x00000043       0x44 ./Drivers/STM32L4xx_HAL_Driver/Src/stm32l4xx_hal_uart.o

.debug_frame    0x00000000     0x3c5c
 .debug_frame   0x00000000       0x34 ./Core/Src/gpio.o
 .debug_frame   0x00000034       0x78 ./Core/Src/i2c.o
 .debug_frame   0x000000ac       0x6c ./Core/Src/main.o
 .debug_frame   0x00000118      0x27c ./Core/Src/oled.o
 .debug_frame   0x00000394       0x38 ./Core/Src/stm32l4xx_hal_msp.o
 .debug_frame   0x000003cc      0x120 ./Core/Src/stm32l4xx_it.o
 .debug_frame   0x000004ec       0x34 ./Core/Src/sysmem.o
 .debug_frame   0x00000520       0x58 ./Core/Src/system_stm32l4xx.o
 .debug_frame   0x00000578       0x78 ./Core/Src/usart.o
 .debug_frame   0x000005f0      0x3e4 ./Drivers/OLED/ssd1306.o
 .debug_frame   0x000009d4      0x498 ./Drivers/STM32L4xx_HAL_Driver/Src/stm32l4xx_hal.o
 .debug_frame   0x00000e6c      0x4e8 ./Drivers/STM32L4xx_HAL_Driver/Src/stm32l4xx_hal_cortex.o
 .debug_frame   0x00001354      0x14c ./Drivers/STM32L4xx_HAL_Driver/Src/stm32l4xx_hal_gpio.o
 .debug_frame   0x000014a0      0xc38 ./Drivers/STM32L4xx_HAL_Driver/Src/stm32l4xx_hal_i2c.o
 .debug_frame   0x000020d8      0x100 ./Drivers/STM32L4xx_HAL_Driver/Src/stm32l4xx_hal_i2c_ex.o
 .debug_frame   0x000021d8      0x584 ./Drivers/STM32L4xx_HAL_Driver/Src/stm32l4xx_hal_pwr_ex.o
 .debug_frame   0x0000275c      0x21c ./Drivers/STM32L4xx_HAL_Driver/Src/stm32l4xx_hal_rcc.o
 .debug_frame   0x00002978      0x2fc ./Drivers/STM32L4xx_HAL_Driver/Src/stm32l4xx_hal_rcc_ex.o
 .debug_frame   0x00002c74      0x9f4 ./Drivers/STM32L4xx_HAL_Driver/Src/stm32l4xx_hal_uart.o
 .debug_frame   0x00003668       0x7c /Applications/STM32CubeIDE.app/Contents/Eclipse/plugins/com.st.stm32cube.ide.mcu.externaltools.gnu-tools-for-stm32.13.3.rel1.macos64_1.0.0.202411102158/tools/bin/../lib/gcc/arm-none-eabi/13.3.1/../../../../arm-none-eabi/lib/thumb/v7e-m+fp/hard/libc_nano.a(libc_a-snprintf.o)
 .debug_frame   0x000036e4      0x144 /Applications/STM32CubeIDE.app/Contents/Eclipse/plugins/com.st.stm32cube.ide.mcu.externaltools.gnu-tools-for-stm32.13.3.rel1.macos64_1.0.0.202411102158/tools/bin/../lib/gcc/arm-none-eabi/13.3.1/../../../../arm-none-eabi/lib/thumb/v7e-m+fp/hard/libc_nano.a(libc_a-findfp.o)
 .debug_frame   0x00003828       0x28 /Applications/STM32CubeIDE.app/Contents/Eclipse/plugins/com.st.stm32cube.ide.mcu.externaltools.gnu-tools-for-stm32.13.3.rel1.macos64_1.0.0.202411102158/tools/bin/../lib/gcc/arm-none-eabi/13.3.1/../../../../arm-none-eabi/lib/thumb/v7e-m+fp/hard/libc_nano.a(libc_a-memmove.o)