../Drivers/OLED/ssd1306.c:14:6:HAL_I2C_MemTxCpltCallback	16	static
../Drivers/OLED/ssd1306.c:20:6:ssd1306_Reset	4	static
../Drivers/OLED/ssd1306.c:24:6:ssd1306_WriteCommand	32	static
../Drivers/OLED/ssd1306.c:44:6:ssd1306_WriteData	24	static
../Drivers/OLED/ssd1306.c:54:6:ssd1306_UpdateScreen	24	static
../Drivers/OLED/ssd1306.c:113:17:ssd1306_FillBuffer	24	static
../Drivers/OLED/ssd1306.c:123:6:ssd1306_Init	8	static
../Drivers/OLED/ssd1306.c:225:6:ssd1306_Fill	16	static
../Drivers/OLED/ssd1306.c:276:6:ssd1306_DrawPixel	16	static
../Drivers/OLED/ssd1306.c:296:6:ssd1306_WriteChar	48	static
../Drivers/OLED/ssd1306.c:333:6:ssd1306_WriteString	32	static
../Drivers/OLED/ssd1306.c:347:6:ssd1306_SetCursor	16	static
../Drivers/OLED/ssd1306.c:353:6:ssd1306_Line	48	static
../Drivers/OLED/ssd1306.c:380:6:ssd1306_Polyline	40	static
../Drivers/OLED/ssd1306.c:394:14:ssd1306_DegToRad	16	static
../Drivers/OLED/ssd1306.c:399:17:ssd1306_NormalizeTo0_360	24	static
../Drivers/OLED/ssd1306.c:415:6:ssd1306_DrawArc	64	static
../Drivers/OLED/ssd1306.c:455:6:ssd1306_DrawArcWithRadiusLine	72	static
../Drivers/OLED/ssd1306.c:498:6:ssd1306_DrawCircle	40	static
../Drivers/OLED/ssd1306.c:533:6:ssd1306_FillCircle	48	static
../Drivers/OLED/ssd1306.c:569:6:ssd1306_DrawRectangle	32	static
../Drivers/OLED/ssd1306.c:579:6:ssd1306_FillRectangle	32	static
../Drivers/OLED/ssd1306.c:593:17:ssd1306_InvertRectangle	32	static
../Drivers/OLED/ssd1306.c:624:6:ssd1306_DrawBitmap	24	static
../Drivers/OLED/ssd1306.c:648:6:ssd1306_SetContrast	24	static
../Drivers/OLED/ssd1306.c:654:6:ssd1306_SetDisplayOn	24	static
../Drivers/OLED/ssd1306.c:666:9:ssd1306_GetDisplayOn	4	static
